[{'utterance': " wo what's this", 'response': " now which one's that", 'response_time': 0.022999999999999687, 'speaker': 'CHI', 'responder': 'MOT', 'utterance_length': 0.9170000000000016, 'error': True, 'age': [24]}, {'utterance': " wo what's dis this", 'response': ' a this', 'response_time': -0.03899999999998727, 'speaker': 'CHI', 'responder': 'CHI', 'utterance_length': 1.2770000000000437, 'error': True, 'age': [24]}, {'utterance': ' where are the grapes', 'response': " where's the grapes", 'response_time': 0.2520000000000664, 'speaker': 'CHI', 'responder': 'MOT', 'utterance_length': 2.8450000000000273, 'error': True, 'age': [24]}, {'utterance': ' where are the grapes', 'response': " where's the grapes", 'response_time': 0.0, 'speaker': 'CHI', 'responder': 'MOT', 'utterance_length': 1.1720000000000255, 'error': True, 'age': [24]}, {'utterance': ' where are the grapes', 'response': ' oops', 'response_time': 1.4340000000000828, 'speaker': 'CHI', 'responder': 'CHI', 'utterance_length': 1.788000000000011, 'error': True, 'age': [24]}, {'utterance': ' where are the grapes grapes', 'response': ' grapes', 'response_time': 0.0, 'speaker': 'CHI', 'responder': 'CHI', 'utterance_length': 1.8460000000000036, 'error': True, 'age': [24]}, {'utterance': ' was there shoe it', 'response': ' whose shoe is it', 'response_time': 0.6610000000000014, 'speaker': 'CHI', 'responder': 'MOT', 'utterance_length': 1.7299999999999898, 'error': True, 'age': [24]}, {'utterance': ' wha dis this here', 'response': " what's this Thomas", 'response_time': 6.199000000000012, 'speaker': 'CHI', 'responder': 'MOT', 'utterance_length': 1.835000000000008, 'error': True, 'age': [24]}, {'utterance': ' wha dis this', 'response': " that's a glass of milk", 'response_time': 0.0, 'speaker': 'CHI', 'responder': 'MOT', 'utterance_length': 0.7430000000000234, 'error': True, 'age': [24]}, {'utterance': ' wha dis this', 'response': " that's a lettuce", 'response_time': 0.2249999999999659, 'speaker': 'CHI', 'responder': 'MOT', 'utterance_length': 0.8590000000000373, 'error': True, 'age': [24]}, {'utterance': ' wha dis this', 'response': ' you know what that is', 'response_time': 0.0, 'speaker': 'CHI', 'responder': 'MOT', 'utterance_length': 1.6019999999999754, 'error': True, 'age': [24]}, {'utterance': ' wha dis this', 'response': ' a green apple', 'response_time': 0.02400000000000091, 'speaker': 'CHI', 'responder': 'MOT', 'utterance_length': 1.288000000000011, 'error': True, 'age': [24]}, {'utterance': ' wha dis this', 'response': ' that says to Thomas from Grandma and Granddad', 'response_time': 0.696999999999889, 'speaker': 'CHI', 'responder': 'MOT', 'utterance_length': 1.4739999999999327, 'error': True, 'age': [24]}, {'utterance': ' wha dis this', 'response': ' Noo_Noo', 'response_time': 0.6730000000002292, 'speaker': 'CHI', 'responder': 'CHI', 'utterance_length': 1.2189999999995962, 'error': True, 'age': [24]}, {'utterance': ' wha dis this', 'response': ' the sun shining', 'response_time': -0.17399999999997817, 'speaker': 'CHI', 'responder': 'MOT', 'utterance_length': 1.5909999999998945, 'error': True, 'age': [24]}, {'utterance': ' wha dis this', 'response': " and that's the farmer", 'response_time': 0.4290000000000873, 'speaker': 'CHI', 'responder': 'MOT', 'utterance_length': 0.8129999999996471, 'error': True, 'age': [24]}, {'utterance': ' wha dis this', 'response': ' wha dis this', 'response_time': 0.0, 'speaker': 'CHI', 'responder': 'CHI', 'utterance_length': 0.5919999999999987, 'error': True, 'age': [25]}, {'utterance': ' wha dis this', 'response': ' wha dis this', 'response_time': 0.4069999999999965, 'speaker': 'CHI', 'responder': 'CHI', 'utterance_length': 1.0799999999999983, 'error': True, 'age': [25]}, {'utterance': ' wha dis this', 'response': " that's Thomas_The_Tank_Engine", 'response_time': 1.2690000000000055, 'speaker': 'CHI', 'responder': 'MOT', 'utterance_length': 0.9749999999999943, 'error': True, 'age': [25]}, {'utterance': ' wha dis this', 'response': ' wha dis this', 'response_time': 0.0, 'speaker': 'CHI', 'responder': 'CHI', 'utterance_length': 1.3810000000000002, 'error': True, 'age': [25]}, {'utterance': ' wha dis this', 'response': ' wha dis this', 'response_time': 0.046999999999997044, 'speaker': 'CHI', 'responder': 'CHI', 'utterance_length': 0.8940000000000055, 'error': True, 'age': [25]}, {'utterance': ' wha dis this', 'response': " that's James_the_Red_Engine", 'response_time': 0.7890000000000015, 'speaker': 'CHI', 'responder': 'MOT', 'utterance_length': 1.0679999999999978, 'error': True, 'age': [25]}, {'utterance': ' wha dis this', 'response': " that's Thomas the blue Tank_Engine", 'response_time': 0.01100000000000989, 'speaker': 'CHI', 'responder': 'MOT', 'utterance_length': 1.1499999999999915, 'error': True, 'age': [25]}, {'utterance': ' wha dis this', 'response': ' wha dis this', 'response_time': 2.1049999999999898, 'speaker': 'CHI', 'responder': 'CHI', 'utterance_length': 1.1260000000000048, 'error': True, 'age': [25]}, {'utterance': ' wha dis this', 'response': " that's James", 'response_time': 0.10500000000001819, 'speaker': 'CHI', 'responder': 'MOT', 'utterance_length': 0.6610000000000014, 'error': True, 'age': [25]}, {'utterance': ' wha dis this', 'response': ' wha dis this', 'response_time': 0.5690000000000168, 'speaker': 'CHI', 'responder': 'CHI', 'utterance_length': 1.2419999999999902, 'error': True, 'age': [25]}, {'utterance': ' wha dis this', 'response': " that's two coaches Annie and Clarabel", 'response_time': -0.9629999999999939, 'speaker': 'CHI', 'responder': 'MOT', 'utterance_length': 0.9869999999999948, 'error': True, 'age': [25]}, {'utterance': ' wha dis this', 'response': " that's a blue car", 'response_time': 0.8239999999999554, 'speaker': 'CHI', 'responder': 'MOT', 'utterance_length': 1.5910000000000082, 'error': True, 'age': [25]}, {'utterance': ' wha dis this', 'response': ' wha dis this', 'response_time': 1.766999999999996, 'speaker': 'CHI', 'responder': 'CHI', 'utterance_length': 1.219000000000051, 'error': True, 'age': [25]}, {'utterance': ' wha dis this', 'response': ' that man in the blue car has got out', 'response_time': 0.15100000000001046, 'speaker': 'CHI', 'responder': 'MOT', 'utterance_length': 0.9049999999999727, 'error': True, 'age': [25]}, {'utterance': ' wha dis this', 'response': " who's that", 'response_time': 0.1279999999999859, 'speaker': 'CHI', 'responder': 'MOT', 'utterance_length': 1.254000000000019, 'error': True, 'age': [25]}, {'utterance': ' wha dis this', 'response': ' the baby', 'response_time': 0.4300000000000068, 'speaker': 'CHI', 'responder': 'MOT', 'utterance_length': 0.5919999999999845, 'error': True, 'age': [25]}, {'utterance': ' wha dis this', 'response': " that's Aunty_Val", 'response_time': 0.11599999999998545, 'speaker': 'CHI', 'responder': 'MOT', 'utterance_length': 1.009999999999991, 'error': True, 'age': [25]}, {'utterance': ' wha dis this', 'response': " now who's that", 'response_time': 0.4989999999999668, 'speaker': 'CHI', 'responder': 'MOT', 'utterance_length': 1.254000000000019, 'error': True, 'age': [25]}, {'utterance': ' wha dis this', 'response': ' I think you know who that is', 'response_time': 0.09299999999996089, 'speaker': 'CHI', 'responder': 'MOT', 'utterance_length': 1.2300000000000182, 'error': True, 'age': [25]}, {'utterance': ' wha dis this', 'response': ' what are they', 'response_time': 0.8160000000000309, 'speaker': 'CHI', 'responder': 'MOT', 'utterance_length': 1.183999999999969, 'error': True, 'age': [25]}, {'utterance': ' wha dis this', 'response': ' chair', 'response_time': 2.6940000000000737, 'speaker': 'CHI', 'responder': 'CHI', 'utterance_length': 1.0219999999999345, 'error': True, 'age': [25]}, {'utterance': ' wha dis this', 'response': ' right are you going to help Mummy sort the washing out now', 'response_time': 3.187999999999988, 'speaker': 'CHI', 'responder': 'MOT', 'utterance_length': 1.149000000000001, 'error': True, 'age': [25]}, {'utterance': ' wha dis this', 'response': " Purdie's eating her dinner", 'response_time': 1.009999999999991, 'speaker': 'CHI', 'responder': 'CHI', 'utterance_length': 0.8940000000000055, 'error': True, 'age': [25]}, {'utterance': ' wha dis this', 'response': " Daddy's trousers", 'response_time': 0.15099999999983993, 'speaker': 'CHI', 'responder': 'MOT', 'utterance_length': 1.1950000000001637, 'error': True, 'age': [25]}, {'utterance': ' where has she gone', 'response': ' she gone she gone probably to have a wash', 'response_time': 0.24099999999998545, 'speaker': 'CHI', 'responder': 'MOT', 'utterance_length': 1.2999999999999545, 'error': True, 'age': [25]}, {'utterance': ' wha dis this', 'response': " that's Mummy's nightdress", 'response_time': 2.143000000000029, 'speaker': 'CHI', 'responder': 'MOT', 'utterance_length': 0.8239999999998417, 'error': True, 'age': [25]}, {'utterance': ' wha dis this', 'response': " that's Mummy's", 'response_time': 1.3890000000001237, 'speaker': 'CHI', 'responder': 'MOT', 'utterance_length': 1.219000000000051, 'error': True, 'age': [25]}, {'utterance': ' wha da that', 'response': " and then we're going to tip the Cornflakes in", 'response_time': 5.664999999999964, 'speaker': 'CHI', 'responder': 'MOT', 'utterance_length': 1.009999999999991, 'error': True, 'age': [25]}, {'utterance': ' a Nin_Nin wha dis this', 'response': ' this is chocolate', 'response_time': 0.3000000000001819, 'speaker': 'CHI', 'responder': 'MOT', 'utterance_length': 2.9839999999999236, 'error': True, 'age': [25]}, {'utterance': ' what are they here', 'response': " you're doing very very well", 'response_time': 's1 or s2 media info not available', 'speaker': 'CHI', 'responder': 'MOT', 'utterance_length': 'media info not available', 'error': True, 'age': [25]}, {'utterance': ' what there', 'response': ' what there', 'response_time': 0.06700000000000728, 'speaker': 'CHI', 'responder': 'CHI', 'utterance_length': 1.300000000000182, 'error': True, 'age': [25]}, {'utterance': ' what there', 'response': ' what there', 'response_time': 7.846000000000004, 'speaker': 'CHI', 'responder': 'CHI', 'utterance_length': 2.6579999999999018, 'error': True, 'age': [25]}, {'utterance': ' what there', 'response': ' Nin_Nin', 'response_time': 2.449999999999818, 'speaker': 'CHI', 'responder': 'CHI', 'utterance_length': 1.1030000000000655, 'error': True, 'age': [25]}, {'utterance': ' wha dis this', 'response': " that's a yellow egg", 'response_time': 0.5799999999999272, 'speaker': 'CHI', 'responder': 'MOT', 'utterance_length': 1.6140000000000327, 'error': True, 'age': [25]}, {'utterance': ' mm there choc_choc', 'response': ' four five six seven eight nine ten eleven twelve', 'response_time': 0.25900000000001455, 'speaker': 'CHI', 'responder': 'MOT', 'utterance_length': 3.5299999999997453, 'error': True, 'age': [25]}, {'utterance': ' wha dis this', 'response': ' can you put that in the bin', 'response_time': -0.4989999999997963, 'speaker': 'CHI', 'responder': 'MOT', 'utterance_length': 1.2420000000001892, 'error': True, 'age': [25]}, {'utterance': ' wha dis this', 'response': " that's a gold watch like Mummy's", 'response_time': -0.30999999999994543, 'speaker': 'CHI', 'responder': 'MOT', 'utterance_length': 1.4549999999999272, 'error': True, 'age': [32]}, {'utterance': ' wha dis this', 'response': " it's a jumper", 'response_time': 0.16200000000003456, 'speaker': 'CHI', 'responder': 'MOT', 'utterance_length': 1.4809999999999945, 'error': True, 'age': [32]}, {'utterance': ' wha dis this', 'response': ' mittens', 'response_time': 0.48499999999989996, 'speaker': 'CHI', 'responder': 'MOT', 'utterance_length': 1.2789999999999964, 'error': True, 'age': [32]}, {'utterance': ' wha dis this', 'response': ' this', 'response_time': -0.17499999999995453, 'speaker': 'CHI', 'responder': 'CHI', 'utterance_length': 1.8589999999999236, 'error': True, 'age': [32]}, {'utterance': " what's the wheels doing", 'response': ' going round and round', 'response_time': -0.012999999999919964, 'speaker': 'MOT', 'responder': 'MOT', 'utterance_length': 1.1620000000000346, 'error': True, 'age': [32]}, {'utterance': " that's his coaches", 'response': ' Annie and Clarabel', 'response_time': 0.0, 'speaker': 'MOT', 'responder': 'MOT', 'utterance_length': 1.1720000000000255, 'error': True, 'age': [32]}, {'utterance': ' wha dis this', 'response': " it's a bottle of juice", 'response_time': -0.1389999999999958, 'speaker': 'CHI', 'responder': 'MOT', 'utterance_length': 1.323999999999998, 'error': True, 'age': [25]}, {'utterance': ' wha da that', 'response': ' the noise in the background is the kettle boiling so Mummy can make herself a cup of tea', 'response_time': 0.11599999999999966, 'speaker': 'CHI', 'responder': 'MOT', 'utterance_length': 1.463000000000008, 'error': True, 'age': [25]}, {'utterance': ' wha dis this', 'response': ' wha dis this', 'response_time': -0.3129999999998745, 'speaker': 'CHI', 'responder': 'CHI', 'utterance_length': 1.4279999999998836, 'error': True, 'age': [25]}, {'utterance': ' wha dis this', 'response': ' the butter', 'response_time': 0.3250000000000455, 'speaker': 'CHI', 'responder': 'MOT', 'utterance_length': 1.102999999999838, 'error': True, 'age': [25]}, {'utterance': ' wha dis this', 'response': " this is Mummy's toast", 'response_time': 0.6269999999999527, 'speaker': 'CHI', 'responder': 'MOT', 'utterance_length': 1.6479999999999109, 'error': True, 'age': [25]}, {'utterance': ' toast jump up', 'response': ' it jumped up yes', 'response_time': -0.057999999999992724, 'speaker': 'CHI', 'responder': 'MOT', 'utterance_length': 2.647000000000162, 'error': True, 'age': [25]}, {'utterance': ' bye see you Sue', 'response': " she's going to get in the car in a moment and drive off", 'response_time': -0.13999999999987267, 'speaker': 'CHI', 'responder': 'MOT', 'utterance_length': 2.3460000000000036, 'error': True, 'age': [25]}, {'utterance': ' wha dis this', 'response': " the other Sue's going to work now", 'response_time': 0.035000000000081855, 'speaker': 'CHI', 'responder': 'MOT', 'utterance_length': 1.3589999999999236, 'error': True, 'age': [25]}, {'utterance': ' wha dis this', 'response': " it's jam", 'response_time': -0.10500000000001819, 'speaker': 'CHI', 'responder': 'MOT', 'utterance_length': 1.5450000000000728, 'error': True, 'age': [25]}, {'utterance': ' a ada that', 'response': ' a ada that', 'response_time': 0.9980000000000473, 'speaker': 'CHI', 'responder': 'CHI', 'utterance_length': 1.7649999999998727, 'error': True, 'age': [25]}, {'utterance': ' a ada that', 'response': ' just let Mummy wash them Thomas', 'response_time': -0.22000000000025466, 'speaker': 'CHI', 'responder': 'MOT', 'utterance_length': 1.5790000000001783, 'error': True, 'age': [25]}, {'utterance': ' wha dis this', 'response': ' grapes', 'response_time': -0.22100000000000364, 'speaker': 'CHI', 'responder': 'MOT', 'utterance_length': 1.7179999999998472, 'error': True, 'age': [25]}, {'utterance': ' where are grapes', 'response': ' where are grapes', 'response_time': -0.22000000000025466, 'speaker': 'CHI', 'responder': 'CHI', 'utterance_length': 2.2519999999999527, 'error': True, 'age': [25]}, {'utterance': ' where are grapes', 'response': ' all gone', 'response_time': -0.25600000000031287, 'speaker': 'CHI', 'responder': 'MOT', 'utterance_length': 1.3700000000003456, 'error': True, 'age': [25]}, {'utterance': ' wha dis this', 'response': ' a this', 'response_time': 1.694999999999709, 'speaker': 'CHI', 'responder': 'CHI', 'utterance_length': 1.7420000000001892, 'error': True, 'age': [25]}, {'utterance': ' who dis this', 'response': ' you want to look at your book again', 'response_time': -0.033999999999991815, 'speaker': 'CHI', 'responder': 'MOT', 'utterance_length': 1.2419999999999618, 'error': True, 'age': [25]}, {'utterance': ' wha dis this', 'response': " that's the driver of the truck", 'response_time': 0.4179999999998927, 'speaker': 'CHI', 'responder': 'MOT', 'utterance_length': 0.84699999999998, 'error': True, 'age': [25]}, {'utterance': ' wha dis this', 'response': " that's James_The_Red_Engine", 'response_time': 0.17799999999988358, 'speaker': 'CHI', 'responder': 'MOT', 'utterance_length': 0.6739999999999782, 'error': True, 'age': [25]}, {'utterance': ' this shoes', 'response': ' shoes', 'response_time': -0.24399999999999977, 'speaker': 'CHI', 'responder': 'MOT', 'utterance_length': 2.426000000000002, 'error': True, 'age': [25]}, {'utterance': ' a this', 'response': ' a this', 'response_time': 1.8530000000000086, 'speaker': 'CHI', 'responder': 'CHI', 'utterance_length': 1.2999999999999972, 'error': True, 'age': [25]}, {'utterance': ' a this', 'response': " and they've got blue white red and orange stripes", 'response_time': -0.2909999999999968, 'speaker': 'CHI', 'responder': 'MOT', 'utterance_length': 1.509999999999991, 'error': True, 'age': [25]}, {'utterance': ' a this', 'response': ' a this', 'response_time': 0.1389999999999958, 'speaker': 'CHI', 'responder': 'CHI', 'utterance_length': 1.7420000000000044, 'error': True, 'age': [25]}, {'utterance': ' a this', 'response': ' green sock', 'response_time': -0.22100000000000364, 'speaker': 'CHI', 'responder': 'MOT', 'utterance_length': 1.440000000000012, 'error': True, 'age': [25]}, {'utterance': ' a this', 'response': ' a this', 'response_time': 0.11600000000001387, 'speaker': 'CHI', 'responder': 'CHI', 'utterance_length': 1.4749999999999943, 'error': True, 'age': [25]}, {'utterance': ' a this', 'response': " that's his trousers blue trousers", 'response_time': -0.45300000000000296, 'speaker': 'CHI', 'responder': 'MOT', 'utterance_length': 1.009999999999991, 'error': True, 'age': [25]}, {'utterance': ' a this', 'response': ' eyes', 'response_time': 0.5919999999999845, 'speaker': 'CHI', 'responder': 'MOT', 'utterance_length': 1.4170000000000016, 'error': True, 'age': [25]}, {'utterance': ' a this', 'response': " that's teddy's nose", 'response_time': -0.23199999999999932, 'speaker': 'CHI', 'responder': 'MOT', 'utterance_length': 1.1259999999999764, 'error': True, 'age': [25]}, {'utterance': ' a this', 'response': " that's your teddy", 'response_time': -0.21999999999997044, 'speaker': 'CHI', 'responder': 'MOT', 'utterance_length': 1.2769999999999868, 'error': True, 'age': [25]}, {'utterance': ' a this', 'response': " that's your teddy", 'response_time': 0.25499999999999545, 'speaker': 'CHI', 'responder': 'MOT', 'utterance_length': 1.3120000000000118, 'error': True, 'age': [25]}, {'utterance': ' a this', 'response': " that's the teddy you hang on the door handle", 'response_time': -0.3020000000000209, 'speaker': 'MOT', 'responder': 'MOT', 'utterance_length': 1.1260000000000332, 'error': True, 'age': [25]}, {'utterance': ' a this', 'response': " and that's a tiny bear", 'response_time': -0.16300000000001091, 'speaker': 'CHI', 'responder': 'MOT', 'utterance_length': 1.0330000000000155, 'error': True, 'age': [25]}, {'utterance': ' a this', 'response': ' and they might like to have some tea', 'response_time': 0.6149999999999523, 'speaker': 'CHI', 'responder': 'MOT', 'utterance_length': 1.0100000000000477, 'error': True, 'age': [25]}, {'utterance': ' wha dis this', 'response': " right that's the beaker", 'response_time': 0.8250000000000455, 'speaker': 'CHI', 'responder': 'MOT', 'utterance_length': 1.2769999999999868, 'error': True, 'age': [25]}, {'utterance': ' a this', 'response': " and what's on Mummy's spoon", 'response_time': 1.219000000000051, 'speaker': 'CHI', 'responder': 'MOT', 'utterance_length': 1.4509999999999081, 'error': True, 'age': [25]}, {'utterance': ' a this', 'response': ' a this', 'response_time': 0.057999999999992724, 'speaker': 'CHI', 'responder': 'CHI', 'utterance_length': 1.2770000000000437, 'error': True, 'age': [25]}, {'utterance': ' a this', 'response': " it's Po", 'response_time': -0.08100000000001728, 'speaker': 'CHI', 'responder': 'MOT', 'utterance_length': 0.9750000000000227, 'error': True, 'age': [25]}, {'utterance': ' wha dis this', 'response': ' a this', 'response_time': -0.22100000000000364, 'speaker': 'CHI', 'responder': 'CHI', 'utterance_length': 1.8929999999999154, 'error': True, 'age': [25]}, {'utterance': ' a this', 'response': ' look', 'response_time': 0.7889999999999873, 'speaker': 'CHI', 'responder': 'MOT', 'utterance_length': 1.4980000000000473, 'error': True, 'age': [25]}, {'utterance': ' wha dat that', 'response': ' wha dat that', 'response_time': -0.09300000000007458, 'speaker': 'CHI', 'responder': 'CHI', 'utterance_length': 1.2300000000000182, 'error': True, 'age': [25]}, {'utterance': ' wha dat that', 'response': " that's his green pants", 'response_time': -0.4880000000000564, 'speaker': 'CHI', 'responder': 'MOT', 'utterance_length': 1.2430000000001655, 'error': True, 'age': [25]}, {'utterance': ' a this', 'response': ' all done', 'response_time': 5.736000000000104, 'speaker': 'CHI', 'responder': 'CHI', 'utterance_length': 1.219000000000051, 'error': True, 'age': [25]}, {'utterance': ' a this', 'response': ' a this', 'response_time': -0.15099999999983993, 'speaker': 'CHI', 'responder': 'CHI', 'utterance_length': 1.0919999999998709, 'error': True, 'age': [25]}, {'utterance': ' a this', 'response': " that's a saucer", 'response_time': -0.09300000000007458, 'speaker': 'CHI', 'responder': 'MOT', 'utterance_length': 0.7889999999999873, 'error': True, 'age': [25]}, {'utterance': ' where are his shoes', 'response': ' slippers', 'response_time': 1.7300000000000182, 'speaker': 'CHI', 'responder': 'CHI', 'utterance_length': 1.5789999999999509, 'error': True, 'age': [25]}, {'utterance': ' a this shoes', 'response': ' yeah', 'response_time': -0.23300000000017462, 'speaker': 'CHI', 'responder': 'MOT', 'utterance_length': 2.4270000000001346, 'error': True, 'age': [25]}, {'utterance': ' wha dis this', 'response': ' wha dis this', 'response_time': 0.2899999999999636, 'speaker': 'CHI', 'responder': 'CHI', 'utterance_length': 1.3240000000000691, 'error': True, 'age': [25]}, {'utterance': ' wha dis this', 'response': ' a beaker with a picture of Po on a scooter', 'response_time': -0.13899999999989632, 'speaker': 'CHI', 'responder': 'MOT', 'utterance_length': 1.0909999999998945, 'error': True, 'age': [25]}, {'utterance': ' wha dis this', 'response': ' a saucer', 'response_time': 2.2870000000000346, 'speaker': 'CHI', 'responder': 'MOT', 'utterance_length': 0.9410000000000309, 'error': True, 'age': [25]}, {'utterance': ' wha dis this', 'response': ' wha dis this', 'response_time': -0.15099999999983993, 'speaker': 'CHI', 'responder': 'CHI', 'utterance_length': 1.8689999999999145, 'error': True, 'age': [25]}, {'utterance': ' wha dis this', 'response': ' wha dis this', 'response_time': 0.4179999999998927, 'speaker': 'CHI', 'responder': 'CHI', 'utterance_length': 1.5209999999999582, 'error': True, 'age': [25]}, {'utterance': ' wha dis this', 'response': " that's the playdough", 'response_time': -0.18599999999992178, 'speaker': 'CHI', 'responder': 'MOT', 'utterance_length': 1.2070000000001073, 'error': True, 'age': [25]}, {'utterance': ' a this', 'response': ' you sit in your highchair', 'response_time': -0.0809999999999036, 'speaker': 'CHI', 'responder': 'MOT', 'utterance_length': 1.2419999999999618, 'error': True, 'age': [25]}, {'utterance': ' a this', 'response': ' a this', 'response_time': -0.26700000000005275, 'speaker': 'CHI', 'responder': 'CHI', 'utterance_length': 1.393000000000029, 'error': True, 'age': [25]}, {'utterance': ' a this', 'response': " that's playdough", 'response_time': -0.11599999999998545, 'speaker': 'CHI', 'responder': 'MOT', 'utterance_length': 0.9059999999999491, 'error': True, 'age': [25]}, {'utterance': ' a this', 'response': ' a this', 'response_time': 's1 or s2 media info not available', 'speaker': 'CHI', 'responder': 'CHI', 'utterance_length': 'media info not available', 'error': True, 'age': [25]}, {'utterance': ' a this', 'response': ' playdough', 'response_time': 's1 or s2 media info not available', 'speaker': 'CHI', 'responder': 'MOT', 'utterance_length': 'media info not available', 'error': True, 'age': [25]}, {'utterance': ' wha dis this', 'response': " and here's a little rolling", 'response_time': -0.2899999999999636, 'speaker': 'CHI', 'responder': 'MOT', 'utterance_length': 0.8589999999999236, 'error': True, 'age': [25]}, {'utterance': ' a this', 'response': " you'd like the orange one", 'response_time': -0.19699999999988904, 'speaker': 'CHI', 'responder': 'MOT', 'utterance_length': 0.7309999999999945, 'error': True, 'age': [25]}, {'utterance': ' a this', 'response': " mm it's orange", 'response_time': 2.7950000000000728, 'speaker': 'CHI', 'responder': 'MOT', 'utterance_length': 1.4399999999998272, 'error': True, 'age': [25]}, {'utterance': ' wha dis this', 'response': ' smells nice', 'response_time': -0.20900000000006003, 'speaker': 'CHI', 'responder': 'MOT', 'utterance_length': 1.2770000000000437, 'error': True, 'age': [25]}, {'utterance': ' a this', 'response': ' a this', 'response_time': -0.10400000000004184, 'speaker': 'CHI', 'responder': 'CHI', 'utterance_length': 1.3110000000001492, 'error': True, 'age': [25]}, {'utterance': ' a this', 'response': " and that's the pink pot", 'response_time': -0.18499999999994543, 'speaker': 'CHI', 'responder': 'MOT', 'utterance_length': 1.0329999999999018, 'error': True, 'age': [25]}, {'utterance': ' a this', 'response': ' a this', 'response_time': -0.02200000000016189, 'speaker': 'CHI', 'responder': 'CHI', 'utterance_length': 1.1730000000000018, 'error': True, 'age': [25]}, {'utterance': ' a this', 'response': " gosh that's very bright", 'response_time': -0.26700000000005275, 'speaker': 'CHI', 'responder': 'MOT', 'utterance_length': 0.8480000000001837, 'error': True, 'age': [25]}, {'utterance': ' wha dis this', 'response': " that's a rolling", 'response_time': 0.023000000000138243, 'speaker': 'CHI', 'responder': 'MOT', 'utterance_length': 1.4629999999999654, 'error': True, 'age': [25]}, {'utterance': ' wha dis this', 'response': " and that's a pink dough", 'response_time': -0.09300000000007458, 'speaker': 'CHI', 'responder': 'MOT', 'utterance_length': 1.34699999999998, 'error': True, 'age': [25]}, {'utterance': ' a this', 'response': " and that's orange dough", 'response_time': -0.19699999999988904, 'speaker': 'CHI', 'responder': 'MOT', 'utterance_length': 0.8819999999998345, 'error': True, 'age': [25]}, {'utterance': ' a this', 'response': " that's green dough", 'response_time': -0.0929999999998472, 'speaker': 'CHI', 'responder': 'MOT', 'utterance_length': 0.9639999999999418, 'error': True, 'age': [25]}, {'utterance': ' wha dis this', 'response': ' look', 'response_time': -0.1850000000001728, 'speaker': 'CHI', 'responder': 'MOT', 'utterance_length': 1.1030000000000655, 'error': True, 'age': [25]}, {'utterance': ' a Mamma has two ball', 'response': ' two balls', 'response_time': -0.20899999999983265, 'speaker': 'CHI', 'responder': 'MOT', 'utterance_length': 2.4039999999999964, 'error': True, 'age': [25]}, {'utterance': ' oh wha dis this', 'response': ' wha dis this', 'response_time': -0.2899999999999636, 'speaker': 'CHI', 'responder': 'CHI', 'utterance_length': 1.961999999999989, 'error': True, 'age': [25]}, {'utterance': ' wha dis this', 'response': " that's an orange ball", 'response_time': 0.8120000000003529, 'speaker': 'CHI', 'responder': 'MOT', 'utterance_length': 1.4279999999998836, 'error': True, 'age': [25]}, {'utterance': ' wha dis this', 'response': " that's another orange ball", 'response_time': -0.3140000000003056, 'speaker': 'CHI', 'responder': 'MOT', 'utterance_length': 1.3940000000002328, 'error': True, 'age': [25]}, {'utterance': ' a this', 'response': ' orange ball', 'response_time': 0.31399999999985084, 'speaker': 'CHI', 'responder': 'MOT', 'utterance_length': 1.0790000000001783, 'error': True, 'age': [25]}, {'utterance': ' a this', 'response': ' a green ball', 'response_time': -0.2430000000003929, 'speaker': 'CHI', 'responder': 'MOT', 'utterance_length': 0.8120000000003529, 'error': True, 'age': [25]}, {'utterance': ' a this', 'response': ' a this', 'response_time': 0.7780000000002474, 'speaker': 'CHI', 'responder': 'CHI', 'utterance_length': 1.4049999999997453, 'error': True, 'age': [25]}, {'utterance': ' a this', 'response': " that's a green ball", 'response_time': -0.057999999999992724, 'speaker': 'CHI', 'responder': 'MOT', 'utterance_length': 0.6970000000001164, 'error': True, 'age': [25]}, {'utterance': ' a this', 'response': ' a there', 'response_time': 0.3710000000000946, 'speaker': 'CHI', 'responder': 'CHI', 'utterance_length': 1.207999999999629, 'error': True, 'age': [25]}, {'utterance': ' a this', 'response': ' see you', 'response_time': 0.3829999999998108, 'speaker': 'CHI', 'responder': 'CHI', 'utterance_length': 1.0450000000000728, 'error': True, 'age': [25]}, {'utterance': ' a this', 'response': ' I wonder if your teddy the white teddy bear had a red ribbon on with white hearts', 'response_time': 1.25, 'speaker': 'MOT', 'responder': 'MOT', 'utterance_length': 1.1730000000002292, 'error': True, 'age': [25]}, {'utterance': ' wha dis this', 'response': " that's the pot with the pink playdough", 'response_time': -0.2319999999999709, 'speaker': 'CHI', 'responder': 'MOT', 'utterance_length': 1.0099999999997635, 'error': True, 'age': [25]}, {'utterance': ' a this', 'response': ' pink playdough', 'response_time': -0.15099999999983993, 'speaker': 'CHI', 'responder': 'MOT', 'utterance_length': 1.2770000000000437, 'error': True, 'age': [25]}, {'utterance': ' wha dis this', 'response': ' the lid of the pot', 'response_time': 0.43000000000029104, 'speaker': 'CHI', 'responder': 'MOT', 'utterance_length': 1.3579999999997199, 'error': True, 'age': [25]}, {'utterance': ' a this', 'response': ' Nin_Nin', 'response_time': 0.5220000000003893, 'speaker': 'CHI', 'responder': 'CHI', 'utterance_length': 1.0339999999996508, 'error': True, 'age': [25]}, {'utterance': ' a this', 'response': " it's a lady it's a lady made of green playdough", 'response_time': -0.13999999999987267, 'speaker': 'CHI', 'responder': 'MOT', 'utterance_length': 0.9409999999998035, 'error': True, 'age': [25]}, {'utterance': ' oh wha dis this', 'response': ' wha dis this', 'response_time': -0.15099999999983993, 'speaker': 'CHI', 'responder': 'CHI', 'utterance_length': 2.4149999999999636, 'error': True, 'age': [25]}, {'utterance': ' wha dis this', 'response': " that's the orange playdough", 'response_time': 0.20899999999983265, 'speaker': 'CHI', 'responder': 'MOT', 'utterance_length': 1.4980000000000473, 'error': True, 'age': [25]}, {'utterance': ' wha dis this', 'response': " that's pink playdough", 'response_time': 0.11599999999998545, 'speaker': 'CHI', 'responder': 'MOT', 'utterance_length': 1.7420000000001892, 'error': True, 'age': [25]}, {'utterance': ' a this', 'response': ' a this', 'response_time': 0.012000000000170985, 'speaker': 'CHI', 'responder': 'CHI', 'utterance_length': 1.345999999999549, 'error': True, 'age': [25]}, {'utterance': ' a this', 'response': ' a pink football', 'response_time': -0.3020000000001346, 'speaker': 'CHI', 'responder': 'MOT', 'utterance_length': 1.1840000000001965, 'error': True, 'age': [25]}, {'utterance': ' a this', 'response': " that's a green teddy", 'response_time': -0.16300000000001091, 'speaker': 'CHI', 'responder': 'MOT', 'utterance_length': 1.0219999999999345, 'error': True, 'age': [25]}, {'utterance': ' a this', 'response': " that's the pink pot", 'response_time': 0.0, 'speaker': 'CHI', 'responder': 'MOT', 'utterance_length': 2.3330000000000837, 'error': True, 'age': [25]}, {'utterance': ' a this', 'response': " Mummy's making a pig", 'response_time': 0.16200000000026193, 'speaker': 'CHI', 'responder': 'MOT', 'utterance_length': 1.2419999999997344, 'error': True, 'age': [25]}, {'utterance': ' a this', 'response': " that's a green teddy", 'response_time': 0.15099999999983993, 'speaker': 'CHI', 'responder': 'MOT', 'utterance_length': 1.0799999999999272, 'error': True, 'age': [25]}, {'utterance': ' a this', 'response': " that's a green playdough", 'response_time': 0.29100000000016735, 'speaker': 'CHI', 'responder': 'MOT', 'utterance_length': 0.9859999999998763, 'error': True, 'age': [25]}, {'utterance': ' a this', 'response': " and that's a pink pig with a curly tail", 'response_time': 0.19700000000011642, 'speaker': 'CHI', 'responder': 'MOT', 'utterance_length': 1.231000000000222, 'error': True, 'age': [25]}, {'utterance': ' a this', 'response': " that's a green ball", 'response_time': -0.023999999999887223, 'speaker': 'CHI', 'responder': 'MOT', 'utterance_length': 1.1610000000000582, 'error': True, 'age': [25]}, {'utterance': ' a this', 'response': " that's an orange elephant", 'response_time': 's1 or s2 media info not available', 'speaker': 'CHI', 'responder': 'MOT', 'utterance_length': 'media info not available', 'error': True, 'age': [25]}, {'utterance': ' a this', 'response': " that's an orange elephant", 'response_time': -0.18499999999994543, 'speaker': 'CHI', 'responder': 'MOT', 'utterance_length': 1.068000000000211, 'error': True, 'age': [25]}, {'utterance': ' a this', 'response': ' orange elephant', 'response_time': -0.34799999999995634, 'speaker': 'CHI', 'responder': 'MOT', 'utterance_length': 1.2660000000000764, 'error': True, 'age': [25]}, {'utterance': ' a this', 'response': ' I think if we roll that piece again', 'response_time': 0.16300000000001091, 'speaker': 'CHI', 'responder': 'MOT', 'utterance_length': 1.4049999999997453, 'error': True, 'age': [25]}, {'utterance': ' a this', 'response': ' a this', 'response_time': -0.0929999999998472, 'speaker': 'CHI', 'responder': 'CHI', 'utterance_length': 0.9980000000000473, 'error': True, 'age': [25]}, {'utterance': ' a this', 'response': ' orange elephant', 'response_time': -0.11599999999998545, 'speaker': 'CHI', 'responder': 'MOT', 'utterance_length': 1.1959999999999127, 'error': True, 'age': [25]}, {'utterance': ' a this', 'response': ' a this', 'response_time': -0.1750000000001819, 'speaker': 'CHI', 'responder': 'CHI', 'utterance_length': 1.2540000000003602, 'error': True, 'age': [25]}, {'utterance': ' a this', 'response': ' a this', 'response_time': 0.012000000000170985, 'speaker': 'CHI', 'responder': 'CHI', 'utterance_length': 1.4279999999998836, 'error': True, 'age': [25]}, {'utterance': ' a this', 'response': " that's a pair of elephants", 'response_time': -0.31300000000010186, 'speaker': 'CHI', 'responder': 'MOT', 'utterance_length': 1.3350000000000364, 'error': True, 'age': [25]}, {'utterance': ' a this', 'response': ' two elephants', 'response_time': -0.1269999999999527, 'speaker': 'CHI', 'responder': 'MOT', 'utterance_length': 0.9279999999998836, 'error': True, 'age': [25]}, {'utterance': ' wha dis this', 'response': ' wha dis this', 'response_time': 0.8710000000000946, 'speaker': 'CHI', 'responder': 'CHI', 'utterance_length': 1.4859999999998763, 'error': True, 'age': [25]}, {'utterance': ' wha dis this', 'response': ' wha dis this', 'response_time': 0.11599999999998545, 'speaker': 'CHI', 'responder': 'CHI', 'utterance_length': 1.2309999999997672, 'error': True, 'age': [25]}, {'utterance': ' wha dis this', 'response': " that's the teddy leg", 'response_time': -0.10500000000001819, 'speaker': 'CHI', 'responder': 'MOT', 'utterance_length': 0.7200000000002547, 'error': True, 'age': [25]}, {'utterance': ' wha dis this', 'response': ' wha dis this', 'response_time': 0.4410000000002583, 'speaker': 'CHI', 'responder': 'CHI', 'utterance_length': 1.4969999999998436, 'error': True, 'age': [25]}, {'utterance': ' wha dis this', 'response': " that's Thomas_The_Teddy_Bear", 'response_time': -0.12799999999970169, 'speaker': 'CHI', 'responder': 'MOT', 'utterance_length': 1.1729999999997744, 'error': True, 'age': [25]}, {'utterance': ' wha dis this', 'response': ' wha dis this', 'response_time': 0.48700000000008004, 'speaker': 'CHI', 'responder': 'CHI', 'utterance_length': 1.1269999999999527, 'error': True, 'age': [25]}, {'utterance': ' wha dis this', 'response': ' oh dear', 'response_time': -0.12800000000015643, 'speaker': 'CHI', 'responder': 'CHI', 'utterance_length': 1.056999999999789, 'error': True, 'age': [25]}, {'utterance': ' a this', 'response': " that's the green legs", 'response_time': -0.16299999999955617, 'speaker': 'CHI', 'responder': 'MOT', 'utterance_length': 0.7779999999997926, 'error': True, 'age': [25]}, {'utterance': ' wha dis this', 'response': " that's green like the trees", 'response_time': -0.1979999999998654, 'speaker': 'CHI', 'responder': 'MOT', 'utterance_length': 1.2080000000000837, 'error': True, 'age': [25]}, {'utterance': ' wha dis this', 'response': " that's a green apple", 'response_time': -0.3200000000001637, 'speaker': 'CHI', 'responder': 'MOT', 'utterance_length': 1.2400000000002365, 'error': True, 'age': [25]}, {'utterance': ' a this', 'response': ' and these are either green peas', 'response_time': -0.3200000000001637, 'speaker': 'CHI', 'responder': 'MOT', 'utterance_length': 1.0270000000000437, 'error': True, 'age': [25]}, {'utterance': ' a this', 'response': ' an apple', 'response_time': -0.16000000000030923, 'speaker': 'CHI', 'responder': 'MOT', 'utterance_length': 1.5199999999999818, 'error': True, 'age': [25]}, {'utterance': ' a this', 'response': ' and with the orange dough we can make a carrot', 'response_time': -0.30700000000024374, 'speaker': 'CHI', 'responder': 'MOT', 'utterance_length': 1.586999999999989, 'error': True, 'age': [25]}, {'utterance': ' a this', 'response': ' carrot', 'response_time': -0.2130000000001928, 'speaker': 'CHI', 'responder': 'MOT', 'utterance_length': 1.387000000000171, 'error': True, 'age': [25]}, {'utterance': ' a this', 'response': ' an orange carrot', 'response_time': -0.29300000000012005, 'speaker': 'CHI', 'responder': 'MOT', 'utterance_length': 1.493000000000393, 'error': True, 'age': [25]}, {'utterance': ' a this', 'response': " bunny like to eat carrots don't they", 'response_time': -0.31999999999970896, 'speaker': 'CHI', 'responder': 'MOT', 'utterance_length': 1.4269999999996799, 'error': True, 'age': [25]}, {'utterance': ' wha dis this', 'response': ' wha dis this', 'response_time': -0.012999999999919964, 'speaker': 'CHI', 'responder': 'CHI', 'utterance_length': 1.2660000000000764, 'error': True, 'age': [25]}, {'utterance': ' wha dis this', 'response': " that's a carrot", 'response_time': -0.13400000000001455, 'speaker': 'CHI', 'responder': 'MOT', 'utterance_length': 1.106999999999971, 'error': True, 'age': [25]}, {'utterance': ' a this', 'response': ' look', 'response_time': -0.22699999999986176, 'speaker': 'CHI', 'responder': 'MOT', 'utterance_length': 1.106999999999971, 'error': True, 'age': [25]}, {'utterance': ' a this', 'response': " that's an apple", 'response_time': -0.29300000000012005, 'speaker': 'CHI', 'responder': 'MOT', 'utterance_length': 1.5729999999998654, 'error': True, 'age': [25]}, {'utterance': ' a this', 'response': ' at the shapes that Mummy made', 'response_time': -0.2130000000001928, 'speaker': 'CHI', 'responder': 'MOT', 'utterance_length': 1.2000000000002728, 'error': True, 'age': [25]}, {'utterance': ' a this', 'response': ' an orange', 'response_time': -0.22699999999986176, 'speaker': 'CHI', 'responder': 'MOT', 'utterance_length': 0.8270000000002256, 'error': True, 'age': [25]}, {'utterance': ' wha dis this', 'response': ' the fruit in your basket', 'response_time': -0.680000000000291, 'speaker': 'CHI', 'responder': 'MOT', 'utterance_length': 0.9860000000003311, 'error': True, 'age': [25]}, {'utterance': ' wha dis this', 'response': ' look', 'response_time': -0.07999999999992724, 'speaker': 'CHI', 'responder': 'MOT', 'utterance_length': 0.9729999999999563, 'error': True, 'age': [25]}, {'utterance': ' a this', 'response': " now there's the basket", 'response_time': -0.42699999999967986, 'speaker': 'CHI', 'responder': 'MOT', 'utterance_length': 1.319999999999709, 'error': True, 'age': [25]}, {'utterance': ' a this', 'response': ' a this', 'response_time': 2.092999999999847, 'speaker': 'CHI', 'responder': 'CHI', 'utterance_length': 1.7730000000001382, 'error': True, 'age': [25]}, {'utterance': ' a this', 'response': " that's a bottle of milk", 'response_time': -0.07999999999992724, 'speaker': 'CHI', 'responder': 'MOT', 'utterance_length': 0.9470000000001164, 'error': True, 'age': [25]}, {'utterance': ' a this', 'response': ' a this', 'response_time': -0.306999999999789, 'speaker': 'CHI', 'responder': 'CHI', 'utterance_length': 1.8399999999996908, 'error': True, 'age': [25]}, {'utterance': ' a this', 'response': " that's a pot of yoghurt", 'response_time': -0.1999999999998181, 'speaker': 'CHI', 'responder': 'MOT', 'utterance_length': 1.0670000000000073, 'error': True, 'age': [25]}, {'utterance': ' a this', 'response': ' a this', 'response_time': -0.14600000000018554, 'speaker': 'CHI', 'responder': 'CHI', 'utterance_length': 1.5729999999998654, 'error': True, 'age': [25]}, {'utterance': ' a this', 'response': " that's yoghurt", 'response_time': -0.2670000000002801, 'speaker': 'CHI', 'responder': 'MOT', 'utterance_length': 1.1330000000002656, 'error': True, 'age': [25]}, {'utterance': ' a this', 'response': ' let Mummy have a look please', 'response_time': -0.21299999999973807, 'speaker': 'CHI', 'responder': 'MOT', 'utterance_length': 0.9859999999998763, 'error': True, 'age': [25]}, {'utterance': ' a this', 'response': " that's Percy_the_green_engine", 'response_time': -0.1999999999998181, 'speaker': 'CHI', 'responder': 'MOT', 'utterance_length': 0.8130000000001019, 'error': True, 'age': [25]}, {'utterance': ' a this', 'response': ' a this', 'response_time': 0.44000000000005457, 'speaker': 'CHI', 'responder': 'CHI', 'utterance_length': 1.8270000000002256, 'error': True, 'age': [25]}, {'utterance': ' a this', 'response': " that's James_the_red_engine", 'response_time': -0.8270000000002256, 'speaker': 'CHI', 'responder': 'MOT', 'utterance_length': 0.9200000000000728, 'error': True, 'age': [25]}, {'utterance': ' wha dis this', 'response': " and that's Toby", 'response_time': 0.027000000000043656, 'speaker': 'CHI', 'responder': 'MOT', 'utterance_length': 1.599999999999909, 'error': True, 'age': [25]}, {'utterance': ' wha dis this', 'response': " that's another yoghurt pot", 'response_time': -0.22699999999986176, 'speaker': 'CHI', 'responder': 'MOT', 'utterance_length': 1.5070000000000618, 'error': True, 'age': [25]}, {'utterance': ' a this', 'response': " that's a lemon", 'response_time': -0.18700000000035288, 'speaker': 'CHI', 'responder': 'MOT', 'utterance_length': 1.4670000000000982, 'error': True, 'age': [25]}, {'utterance': ' a this', 'response': " that's a slice of melon", 'response_time': 0.052999999999883585, 'speaker': 'MOT', 'responder': 'MOT', 'utterance_length': 1.5340000000001055, 'error': True, 'age': [25]}, {'utterance': ' a this', 'response': " that's the lemon again", 'response_time': 0.306999999999789, 'speaker': 'CHI', 'responder': 'MOT', 'utterance_length': 1.4529999999999745, 'error': True, 'age': [25]}, {'utterance': ' a this', 'response': " they're tomatoes", 'response_time': -0.11999999999989086, 'speaker': 'CHI', 'responder': 'MOT', 'utterance_length': 0.9200000000000728, 'error': True, 'age': [25]}, {'utterance': ' um um a this', 'response': " that's an egg", 'response_time': -0.0660000000002583, 'speaker': 'CHI', 'responder': 'MOT', 'utterance_length': 4.01299999999992, 'error': True, 'age': [25]}, {'utterance': ' a this', 'response': ' a this', 'response_time': -0.23999999999978172, 'speaker': 'CHI', 'responder': 'CHI', 'utterance_length': 1.8130000000001019, 'error': True, 'age': [25]}, {'utterance': ' a this', 'response': " that's a yoghurt pot", 'response_time': -0.14699999999993452, 'speaker': 'CHI', 'responder': 'MOT', 'utterance_length': 0.9739999999997053, 'error': True, 'age': [25]}, {'utterance': ' a this', 'response': " the basket's yellow Thomas", 'response_time': -0.2130000000001928, 'speaker': 'CHI', 'responder': 'MOT', 'utterance_length': 0.8800000000001091, 'error': True, 'age': [25]}, {'utterance': ' a this', 'response': ' a this', 'response_time': 0.14699999999993452, 'speaker': 'CHI', 'responder': 'CHI', 'utterance_length': 1.2800000000002, 'error': True, 'age': [25]}, {'utterance': ' a this', 'response': " that's Toby", 'response_time': -0.18700000000035288, 'speaker': 'CHI', 'responder': 'MOT', 'utterance_length': 1.2800000000002, 'error': True, 'age': [25]}, {'utterance': ' wha dis this', 'response': ' a this', 'response_time': -0.25300000000015643, 'speaker': 'CHI', 'responder': 'CHI', 'utterance_length': 1.3859999999999673, 'error': True, 'age': [25]}, {'utterance': ' a this', 'response': ' a this', 'response_time': -0.22699999999986176, 'speaker': 'CHI', 'responder': 'CHI', 'utterance_length': 1.5599999999999454, 'error': True, 'age': [25]}, {'utterance': ' a this', 'response': ' a this', 'response_time': -0.34700000000020736, 'speaker': 'CHI', 'responder': 'MOT', 'utterance_length': 1.4140000000002146, 'error': True, 'age': [25]}, {'utterance': ' a this', 'response': " that's Thomas_The_Tank_engine", 'response_time': 0.44000000000005457, 'speaker': 'MOT', 'responder': 'MOT', 'utterance_length': 1.7469999999998436, 'error': True, 'age': [25]}, {'utterance': ' a this', 'response': ' a this', 'response_time': 0.13299999999981083, 'speaker': 'CHI', 'responder': 'CHI', 'utterance_length': 2.0270000000000437, 'error': True, 'age': [25]}, {'utterance': ' a this', 'response': " and that's James_the_red_engine", 'response_time': -0.31999999999970896, 'speaker': 'CHI', 'responder': 'MOT', 'utterance_length': 1.2269999999998618, 'error': True, 'age': [25]}, {'utterance': ' a this', 'response': " that's a rolling", 'response_time': -0.2940000000003238, 'speaker': 'CHI', 'responder': 'MOT', 'utterance_length': 1.094000000000051, 'error': True, 'age': [25]}, {'utterance': ' Dadda work', 'response': " he'll be home for two days", 'response_time': -0.14699999999993452, 'speaker': 'CHI', 'responder': 'MOT', 'utterance_length': 1.199999999999818, 'error': True, 'age': [25]}, {'utterance': ' a this', 'response': " that's a red apple", 'response_time': -0.012999999999919964, 'speaker': 'CHI', 'responder': 'MOT', 'utterance_length': 1.3460000000000036, 'error': True, 'age': [25]}, {'utterance': ' a this', 'response': " that's a tomato", 'response_time': 1.1730000000002292, 'speaker': 'CHI', 'responder': 'MOT', 'utterance_length': 1.3729999999995925, 'error': True, 'age': [25]}, {'utterance': ' a this', 'response': ' a red tomato', 'response_time': -0.05300000000033833, 'speaker': 'CHI', 'responder': 'MOT', 'utterance_length': 1.9329999999999927, 'error': True, 'age': [25]}, {'utterance': ' wha dis this', 'response': " and that's a box of crayons", 'response_time': -0.18699999999989814, 'speaker': 'CHI', 'responder': 'MOT', 'utterance_length': 1.4800000000000182, 'error': True, 'age': [25]}, {'utterance': ' a this', 'response': ' a this', 'response_time': -0.34600000000000364, 'speaker': 'CHI', 'responder': 'CHI', 'utterance_length': 1.7859999999996035, 'error': True, 'age': [25]}, {'utterance': ' a this', 'response': " that's a white crayon", 'response_time': -0.9729999999999563, 'speaker': 'CHI', 'responder': 'MOT', 'utterance_length': 1.0530000000003383, 'error': True, 'age': [25]}, {'utterance': ' a this', 'response': ' a this', 'response_time': -0.2529999999997017, 'speaker': 'CHI', 'responder': 'CHI', 'utterance_length': 1.319999999999709, 'error': True, 'age': [25]}, {'utterance': ' a this', 'response': ' a this', 'response_time': -0.30600000000004, 'speaker': 'CHI', 'responder': 'CHI', 'utterance_length': 1.5459999999998217, 'error': True, 'age': [25]}, {'utterance': ' a this', 'response': " what's this", 'response_time': -0.06599999999980355, 'speaker': 'CHI', 'responder': 'MOT', 'utterance_length': 1.4259999999999309, 'error': True, 'age': [25]}, {'utterance': ' a this', 'response': " that's pink like the pig", 'response_time': -0.012999999999919964, 'speaker': 'CHI', 'responder': 'MOT', 'utterance_length': 1.199999999999818, 'error': True, 'age': [25]}, {'utterance': ' oh a this', 'response': ' orange', 'response_time': -0.052999999999883585, 'speaker': 'CHI', 'responder': 'MOT', 'utterance_length': 2.01299999999992, 'error': True, 'age': [25]}, {'utterance': ' wha dis this', 'response': " that's pink like the pig", 'response_time': -0.13300000000026557, 'speaker': 'CHI', 'responder': 'MOT', 'utterance_length': 1.01299999999992, 'error': True, 'age': [25]}, {'utterance': ' a this', 'response': " and that's red like Po", 'response_time': -0.15999999999985448, 'speaker': 'CHI', 'responder': 'MOT', 'utterance_length': 1.1329999999998108, 'error': True, 'age': [25]}, {'utterance': ' wha dis this', 'response': " that's a green crayon", 'response_time': -0.06700000000000728, 'speaker': 'CHI', 'responder': 'MOT', 'utterance_length': 1.7199999999998, 'error': True, 'age': [25]}, {'utterance': ' wha dis this', 'response': " that's red", 'response_time': -0.15999999999985448, 'speaker': 'CHI', 'responder': 'MOT', 'utterance_length': 0.919999999999618, 'error': True, 'age': [25]}, {'utterance': ' wha dis this', 'response': " and that's brown", 'response_time': -0.14699999999993452, 'speaker': 'CHI', 'responder': 'MOT', 'utterance_length': 0.8269999999997708, 'error': True, 'age': [25]}, {'utterance': ' a this', 'response': " what's brown like", 'response_time': -0.27999999999974534, 'speaker': 'CHI', 'responder': 'MOT', 'utterance_length': 1.0, 'error': True, 'age': [25]}, {'utterance': ' a this', 'response': " that's a brown crayon", 'response_time': -0.36000000000012733, 'speaker': 'CHI', 'responder': 'MOT', 'utterance_length': 1.1730000000002292, 'error': True, 'age': [25]}, {'utterance': ' wha dis this', 'response': " that's somebody coming to the door", 'response_time': -0.2669999999998254, 'speaker': 'CHI', 'responder': 'MOT', 'utterance_length': 1.6669999999999163, 'error': True, 'age': [25]}, {'utterance': ' wha dis this', 'response': ' wha dis this', 'response_time': 0.0929999999998472, 'speaker': 'CHI', 'responder': 'CHI', 'utterance_length': 0.9070000000001528, 'error': True, 'age': [25]}, {'utterance': ' wha dis this', 'response': " that's a lovely picture", 'response_time': -0.10500000000001819, 'speaker': 'CHI', 'responder': 'MOT', 'utterance_length': 0.6539999999999964, 'error': True, 'age': [25]}, {'utterance': ' a this', 'response': ' that was Jo at the door', 'response_time': 's1 or s2 media info not available', 'speaker': 'CHI', 'responder': 'MOT', 'utterance_length': 'media info not available', 'error': True, 'age': [25]}, {'utterance': ' a this', 'response': " now we'll try a blue piece of paper", 'response_time': 1.5349999999998545, 'speaker': 'CHI', 'responder': 'MOT', 'utterance_length': 0.9470000000001164, 'error': True, 'age': [25]}, {'utterance': ' a this', 'response': ' and then you can use your yellow and white crayon because they might show up on there', 'response_time': -0.03999999999996362, 'speaker': 'CHI', 'responder': 'MOT', 'utterance_length': 0.8400000000001455, 'error': True, 'age': [25]}, {'utterance': ' a this', 'response': ' a this', 'response_time': 2.199999999999818, 'speaker': 'CHI', 'responder': 'CHI', 'utterance_length': 0.8670000000001892, 'error': True, 'age': [25]}, {'utterance': ' a this', 'response': " that's a white crayon", 'response_time': 0.09400000000005093, 'speaker': 'CHI', 'responder': 'MOT', 'utterance_length': 0.7460000000000946, 'error': True, 'age': [25]}, {'utterance': ' wha dis this', 'response': " it's the pencil box", 'response_time': 1.0369999999998072, 'speaker': 'CHI', 'responder': 'MOT', 'utterance_length': 1.2800000000002, 'error': True, 'age': [25]}, {'utterance': ' a this', 'response': ' a this', 'response_time': 0.06700000000000728, 'speaker': 'CHI', 'responder': 'CHI', 'utterance_length': 0.8930000000000291, 'error': True, 'age': [25]}, {'utterance': ' a this', 'response': ' a chocolate Easter egg', 'response_time': -0.03999999999996362, 'speaker': 'CHI', 'responder': 'MOT', 'utterance_length': 0.9600000000000364, 'error': True, 'age': [25]}, {'utterance': ' wha dis this', 'response': " it's paper", 'response_time': 0.22599999999965803, 'speaker': 'CHI', 'responder': 'MOT', 'utterance_length': 0.69399999999996, 'error': True, 'age': [25]}, {'utterance': ' wha dis this', 'response': ' a bag of chocolate', 'response_time': 0.694999999999709, 'speaker': 'CHI', 'responder': 'MOT', 'utterance_length': 1.3600000000001273, 'error': True, 'age': [25]}, {'utterance': ' wha dis this', 'response': ' wha dis this', 'response_time': 0.5869999999999891, 'speaker': 'CHI', 'responder': 'CHI', 'utterance_length': 0.9200000000000728, 'error': True, 'age': [25]}, {'utterance': ' wha dis this', 'response': " that's the silver paper from the egg", 'response_time': 0.016999999999825377, 'speaker': 'CHI', 'responder': 'MOT', 'utterance_length': 0.8260000000000218, 'error': True, 'age': [25]}, {'utterance': ' a this', 'response': " it's not like the paper you're drawing on", 'response_time': -0.08999999999969077, 'speaker': 'CHI', 'responder': 'MOT', 'utterance_length': 0.9339999999997417, 'error': True, 'age': [25]}, {'utterance': ' a this', 'response': ' silver paper', 'response_time': 0.13300000000026557, 'speaker': 'CHI', 'responder': 'MOT', 'utterance_length': 1.2269999999998618, 'error': True, 'age': [25]}, {'utterance': ' a this', 'response': ' a this', 'response_time': -0.03999999999996362, 'speaker': 'CHI', 'responder': 'CHI', 'utterance_length': 0.7599999999997635, 'error': True, 'age': [25]}, {'utterance': ' a this', 'response': " I'll get a nice clean straw", 'response_time': -0.15999999999985448, 'speaker': 'CHI', 'responder': 'MOT', 'utterance_length': 1.01299999999992, 'error': True, 'age': [25]}, {'utterance': ' wha dis this', 'response': " that's a straw", 'response_time': 0.3200000000001637, 'speaker': 'CHI', 'responder': 'MOT', 'utterance_length': 1.1729999999997744, 'error': True, 'age': [25]}, {'utterance': ' wha da that', 'response': " that's the dog", 'response_time': 0.5929999999998472, 'speaker': 'CHI', 'responder': 'MOT', 'utterance_length': 1.3200000000001637, 'error': True, 'age': [25]}, {'utterance': ' wha da that', 'response': ' wha da that', 'response_time': -0.012999999999919964, 'speaker': 'CHI', 'responder': 'CHI', 'utterance_length': 1.0, 'error': True, 'age': [25]}, {'utterance': ' wha da that', 'response': " what's the matter", 'response_time': 0.22600000000011278, 'speaker': 'CHI', 'responder': 'MOT', 'utterance_length': 1.3869999999997162, 'error': True, 'age': [25]}, {'utterance': ' wha dis this', 'response': " that's a green straw", 'response_time': 0.7889999999997599, 'speaker': 'CHI', 'responder': 'MOT', 'utterance_length': 1.1030000000000655, 'error': True, 'age': [25]}, {'utterance': ' a this', 'response': ' a this', 'response_time': 0.626999999999498, 'speaker': 'CHI', 'responder': 'CHI', 'utterance_length': 1.3350000000000364, 'error': True, 'age': [25]}, {'utterance': ' a this', 'response': " that's a yellow straw", 'response_time': 0.35900000000037835, 'speaker': 'CHI', 'responder': 'MOT', 'utterance_length': 0.9059999999999491, 'error': True, 'age': [25]}, {'utterance': ' a this', 'response': " that's a red straw", 'response_time': 0.1859999999996944, 'speaker': 'CHI', 'responder': 'MOT', 'utterance_length': 0.98700000000008, 'error': True, 'age': [25]}, {'utterance': ' a this', 'response': ' a this', 'response_time': 0.057999999999992724, 'speaker': 'CHI', 'responder': 'CHI', 'utterance_length': 0.98700000000008, 'error': True, 'age': [25]}, {'utterance': ' a this', 'response': " and there's straw", 'response_time': 0.0, 'speaker': 'CHI', 'responder': 'MOT', 'utterance_length': 1.1140000000004875, 'error': True, 'age': [25]}, {'utterance': ' blue dropped', 'response': ' blue', 'response_time': 0.2900000000008731, 'speaker': 'CHI', 'responder': 'CHI', 'utterance_length': 1.3359999999993306, 'error': True, 'age': [25]}, {'utterance': ' wha dis this', 'response': " that's another vest", 'response_time': -0.29000000000000625, 'speaker': 'CHI', 'responder': 'MOT', 'utterance_length': 1.2420000000000044, 'error': True, 'age': [25]}, {'utterance': ' wha dis this', 'response': ' a this', 'response_time': -0.30100000000000193, 'speaker': 'CHI', 'responder': 'CHI', 'utterance_length': 1.1839999999999975, 'error': True, 'age': [25]}, {'utterance': ' wha dis this', 'response': ' a this', 'response_time': -0.21999999999999886, 'speaker': 'CHI', 'responder': 'CHI', 'utterance_length': 1.1260000000000048, 'error': True, 'age': [25]}, {'utterance': ' wha dis this', 'response': ' who dis this', 'response_time': -0.2669999999999959, 'speaker': 'CHI', 'responder': 'CHI', 'utterance_length': 1.3819999999999766, 'error': True, 'age': [25]}, {'utterance': ' who dis this', 'response': ' who is it', 'response_time': -0.23199999999999932, 'speaker': 'CHI', 'responder': 'MOT', 'utterance_length': 1.0910000000000082, 'error': True, 'age': [25]}, {'utterance': ' who dis this', 'response': ' a Bow', 'response_time': 0.9060000000000059, 'speaker': 'CHI', 'responder': 'CHI', 'utterance_length': 1.3470000000000084, 'error': True, 'age': [25]}, {'utterance': ' where has a Bow gone', 'response': " she gone because you touched her and she's frightened", 'response_time': -0.16300000000001091, 'speaker': 'CHI', 'responder': 'MOT', 'utterance_length': 1.3240000000000123, 'error': True, 'age': [25]}, {'utterance': ' where has da the Bow gone', 'response': ' she run upstairs', 'response_time': -0.18600000000003547, 'speaker': 'CHI', 'responder': 'MOT', 'utterance_length': 2.0090000000000146, 'error': True, 'age': [25]}, {'utterance': ' a dat that', 'response': ' this', 'response_time': -0.12800000000004275, 'speaker': 'CHI', 'responder': 'CHI', 'utterance_length': 1.8460000000000036, 'error': True, 'age': [25]}, {'utterance': ' where truck', 'response': " he's not here now", 'response_time': -0.18600000000003547, 'speaker': 'CHI', 'responder': 'MOT', 'utterance_length': 1.3010000000000446, 'error': True, 'age': [25]}, {'utterance': ' wha dis this', 'response': ' a this', 'response_time': -0.27900000000011005, 'speaker': 'CHI', 'responder': 'CHI', 'utterance_length': 1.3820000000000618, 'error': True, 'age': [25]}, {'utterance': ' wha dis this', 'response': ' a this', 'response_time': -0.13999999999998636, 'speaker': 'CHI', 'responder': 'CHI', 'utterance_length': 1.0920000000000982, 'error': True, 'age': [25]}, {'utterance': ' wha dis this', 'response': " that's Mummy's nightie", 'response_time': 2.9600000000000364, 'speaker': 'CHI', 'responder': 'MOT', 'utterance_length': 1.6720000000000255, 'error': True, 'age': [25]}, {'utterance': ' wha dis this', 'response': ' a this', 'response_time': -0.19699999999988904, 'speaker': 'CHI', 'responder': 'CHI', 'utterance_length': 1.334999999999809, 'error': True, 'age': [25]}, {'utterance': ' where have the socks a gone', 'response': ' the socks are all done', 'response_time': 0.023000000000138243, 'speaker': 'CHI', 'responder': 'MOT', 'utterance_length': 1.8119999999998981, 'error': True, 'age': [25]}, {'utterance': ' where has the scooter gone', 'response': ' where the scooter gone', 'response_time': -0.1979999999998654, 'speaker': 'CHI', 'responder': 'MOT', 'utterance_length': 1.8349999999995816, 'error': True, 'age': [25]}, {'utterance': ' where has the tea gone', 'response': ' where the tea gone', 'response_time': 0.41800000000012005, 'speaker': 'CHI', 'responder': 'MOT', 'utterance_length': 1.6829999999999927, 'error': True, 'age': [25]}, {'utterance': ' wha dis this', 'response': " that's the lid for the bucket", 'response_time': 0.7319999999999709, 'speaker': 'CHI', 'responder': 'MOT', 'utterance_length': 1.4969999999998436, 'error': True, 'age': [25]}, {'utterance': ' wha dis this', 'response': ' a this', 'response_time': -0.16200000000026193, 'speaker': 'CHI', 'responder': 'CHI', 'utterance_length': 1.4980000000000473, 'error': True, 'age': [25]}, {'utterance': ' wha dis this', 'response': ' a this', 'response_time': -0.3020000000001346, 'speaker': 'CHI', 'responder': 'CHI', 'utterance_length': 1.1030000000000655, 'error': True, 'age': [25]}, {'utterance': ' wha dis this', 'response': ' wha dis this', 'response_time': 4.88799999999992, 'speaker': 'CHI', 'responder': 'CHI', 'utterance_length': 1.6489999999998872, 'error': True, 'age': [25]}, {'utterance': ' wha dis this', 'response': " that's the driver", 'response_time': -0.1390000000001237, 'speaker': 'CHI', 'responder': 'MOT', 'utterance_length': 1.3580000000001746, 'error': True, 'age': [25]}, {'utterance': ' wha dis this', 'response': ' a this', 'response_time': -0.1390000000001237, 'speaker': 'CHI', 'responder': 'CHI', 'utterance_length': 1.3119999999998981, 'error': True, 'age': [25]}, {'utterance': ' up the step', 'response': ' two steps', 'response_time': 0.24400000000014188, 'speaker': 'CHI', 'responder': 'CHI', 'utterance_length': 1.6950000000001637, 'error': True, 'age': [25]}, {'utterance': ' wha dis this', 'response': " that's James the red engine", 'response_time': -0.15100000000074942, 'speaker': 'CHI', 'responder': 'MOT', 'utterance_length': 1.022000000000844, 'error': True, 'age': [25]}, {'utterance': ' wha dis this', 'response': ' oh now you know what that is', 'response_time': 0.49900000000070577, 'speaker': 'CHI', 'responder': 'MOT', 'utterance_length': 1.4979999999995925, 'error': True, 'age': [25]}, {'utterance': ' is a Bow xxx', 'response': ' pardon', 'response_time': 0.6149999999999984, 'speaker': 'CHI', 'responder': 'MOT', 'utterance_length': 1.718, 'error': True, 'age': [25]}, {'utterance': ' is a Bow xxx', 'response': ' Purdie', 'response_time': 0.011999999999996902, 'speaker': 'CHI', 'responder': 'MOT', 'utterance_length': 1.2190000000000012, 'error': True, 'age': [25]}, {'utterance': ' shoe sock', 'response': ' have you taken them off', 'response_time': 0.23199999999999932, 'speaker': 'CHI', 'responder': 'MOT', 'utterance_length': 1.1610000000000014, 'error': True, 'age': [25]}, {'utterance': ' wha dis this', 'response': ' a there', 'response_time': 0.0350000000000108, 'speaker': 'CHI', 'responder': 'CHI', 'utterance_length': 0.9749999999999943, 'error': True, 'age': [25]}, {'utterance': ' a there', 'response': ' a there', 'response_time': 0.0589999999999975, 'speaker': 'CHI', 'responder': 'CHI', 'utterance_length': 1.3229999999999933, 'error': True, 'age': [25]}, {'utterance': ' a there', 'response': ' put the basket on the stairs because it has some sharp needles in it', 'response_time': 0.016999999999995907, 'speaker': 'CHI', 'responder': 'MOT', 'utterance_length': 0.9860000000000042, 'error': True, 'age': [25]}, {'utterance': ' where the box', 'response': ' two box', 'response_time': 0.26699999999993906, 'speaker': 'CHI', 'responder': 'CHI', 'utterance_length': 1.6929999999999836, 'error': True, 'age': [25]}, {'utterance': ' wha dis this', 'response': " it's a yellow bead", 'response_time': 0.2909999999999968, 'speaker': 'CHI', 'responder': 'MOT', 'utterance_length': 1.1030000000000086, 'error': True, 'age': [25]}, {'utterance': ' wha dis this', 'response': ' and those had fruit suits in them', 'response_time': -0.010999999999967258, 'speaker': 'CHI', 'responder': 'MOT', 'utterance_length': 0.9869999999999663, 'error': True, 'age': [25]}, {'utterance': ' wha dis this', 'response': ' a this', 'response_time': -0.10300000000006548, 'speaker': 'CHI', 'responder': 'CHI', 'utterance_length': 1.0360000000000582, 'error': True, 'age': [25]}, {'utterance': ' wha dis this', 'response': ' a this', 'response_time': -0.17399999999997817, 'speaker': 'CHI', 'responder': 'CHI', 'utterance_length': 1.5059999999998581, 'error': True, 'age': [25]}, {'utterance': ' who dis this', 'response': " it's a toggle", 'response_time': 0.14400000000000546, 'speaker': 'CHI', 'responder': 'MOT', 'utterance_length': 1.3829999999998108, 'error': True, 'age': [25]}, {'utterance': ' oh where are the bubble', 'response': ' the bubble', 'response_time': -0.023000000000138243, 'speaker': 'CHI', 'responder': 'CHI', 'utterance_length': 3.668999999999869, 'error': True, 'age': [25]}, {'utterance': ' where has Hat gone', 'response': ' where has Hat gone', 'response_time': 0.48700000000008004, 'speaker': 'CHI', 'responder': 'CHI', 'utterance_length': 1.2650000000003274, 'error': True, 'age': [25]}, {'utterance': ' where has Hat gone', 'response': ' where Hat gone', 'response_time': -0.0340000000001055, 'speaker': 'CHI', 'responder': 'MOT', 'utterance_length': 0.9639999999999418, 'error': True, 'age': [25]}, {'utterance': ' a scooter', 'response': ' a scooter', 'response_time': 0.023999999999887223, 'speaker': 'CHI', 'responder': 'MOT', 'utterance_length': 1.3120000000001255, 'error': True, 'age': [25]}, {'utterance': ' Dadda work', 'response': " Daddy's at", 'response_time': 0.04600000000004911, 'speaker': 'CHI', 'responder': 'MOT', 'utterance_length': 1.6610000000000582, 'error': True, 'age': [25]}, {'utterance': ' these Pooh', 'response': ' Pooh_Bear', 'response_time': -0.057999999999992724, 'speaker': 'CHI', 'responder': 'CHI', 'utterance_length': 2.4849999999996726, 'error': True, 'age': [25]}, {'utterance': ' is hat', 'response': " that's Dipsy", 'response_time': 0.19699999999966167, 'speaker': 'CHI', 'responder': 'MOT', 'utterance_length': 0.7780000000002474, 'error': True, 'age': [25]}, {'utterance': ' a blue bus', 'response': " it's a blue bus", 'response_time': 2.938000000000102, 'speaker': 'CHI', 'responder': 'MOT', 'utterance_length': 0.9169999999999163, 'error': True, 'age': [25]}, {'utterance': ' i want more juice', 'response': ' juice', 'response_time': 0.44099999999980355, 'speaker': 'CHI', 'responder': 'CHI', 'utterance_length': 2.112999999999829, 'error': True, 'age': [25]}, {'utterance': ' a there', 'response': ' ooh', 'response_time': 0.09300000000030195, 'speaker': 'CHI', 'responder': 'MOT', 'utterance_length': 1.044999999999618, 'error': True, 'age': [25]}, {'utterance': ' a there', 'response': ' gosh', 'response_time': -0.5920000000000982, 'speaker': 'CHI', 'responder': 'MOT', 'utterance_length': 0.9980000000000473, 'error': True, 'age': [25]}, {'utterance': ' a there', 'response': ' xxx', 'response_time': 0.11599999999998545, 'speaker': 'CHI', 'responder': 'CHI', 'utterance_length': 0.9410000000002583, 'error': True, 'age': [25]}, {'utterance': ' a beeba', 'response': " it's a butterfly", 'response_time': 0.4760000000001128, 'speaker': 'CHI', 'responder': 'MOT', 'utterance_length': 1.3350000000000364, 'error': True, 'age': [25]}, {'utterance': " it's hat", 'response': " is that the driver's hat", 'response_time': 0.40599999999994907, 'speaker': 'CHI', 'responder': 'MOT', 'utterance_length': 1.183999999999969, 'error': True, 'age': [25]}, {'utterance': " it's hat", 'response': ' Po La_La and Dipsy', 'response_time': 0.9750000000001364, 'speaker': 'CHI', 'responder': 'MOT', 'utterance_length': 1.3699999999998909, 'error': True, 'age': [25]}, {'utterance': " who's this", 'response': ' the flowers', 'response_time': 0.010999999999967258, 'speaker': 'CHI', 'responder': 'MOT', 'utterance_length': 1.4230000000000018, 'error': True, 'age': [25]}, {'utterance': ' wha dis this', 'response': " that's little boy's bicycle", 'response_time': 1.13799999999992, 'speaker': 'CHI', 'responder': 'MOT', 'utterance_length': 0.88799999999992, 'error': True, 'age': [25]}, {'utterance': ' wha dis this', 'response': ' a this', 'response_time': 0.052999999999883585, 'speaker': 'CHI', 'responder': 'MOT', 'utterance_length': 1.400000000000091, 'error': True, 'age': [25]}, {'utterance': ' who dis this', 'response': ' Nin_Nin', 'response_time': 2.728999999999985, 'speaker': 'CHI', 'responder': 'CHI', 'utterance_length': 1.149000000000001, 'error': True, 'age': [25]}, {'utterance': ' who dis this', 'response': " it's a little red man", 'response_time': -0.25900000000001455, 'speaker': 'CHI', 'responder': 'MOT', 'utterance_length': 2.2049999999999272, 'error': True, 'age': [25]}, {'utterance': ' oops oh_dear baball football', 'response': ' oops oh_dear footballs', 'response_time': -0.4530000000004293, 'speaker': 'CHI', 'responder': 'MOT', 'utterance_length': 1.6720000000000255, 'error': True, 'age': [25]}, {'utterance': ' what who dis this', 'response': ' xxx a bus', 'response_time': -0.16800000000012005, 'speaker': 'CHI', 'responder': 'CHI', 'utterance_length': 1.9500000000002728, 'error': True, 'age': [25]}, {'utterance': ' who dis this', 'response': ' oh', 'response_time': 0.36000000000012733, 'speaker': 'CHI', 'responder': 'CHI', 'utterance_length': 1.9510000000000218, 'error': True, 'age': [25]}, {'utterance': ' yellow bowball football', 'response': ' a yellow football', 'response_time': 0.0, 'speaker': 'CHI', 'responder': 'MOT', 'utterance_length': 1.3460000000000036, 'error': True, 'age': [25]}, {'utterance': ' and did the trolley gone on the escalator right the way up the shop', 'response': ' and we could look out of the window', 'response_time': 1.218999999999994, 'speaker': 'MOT', 'responder': 'MOT', 'utterance_length': 4.283999999999992, 'error': True, 'age': [25]}, {'utterance': ' oh have you have enough to eat', 'response': ' what about this', 'response_time': 0.27899999999999636, 'speaker': 'MOT', 'responder': 'MOT', 'utterance_length': 2.4149999999999636, 'error': True, 'age': [25]}, {'utterance': ' wha dis this', 'response': ' wha dis this', 'response_time': 1.9600000000000364, 'speaker': 'CHI', 'responder': 'CHI', 'utterance_length': 1.3350000000000364, 'error': True, 'age': [25]}, {'utterance': ' wha dis this', 'response': ' wha dis this', 'response_time': 0.3489999999999327, 'speaker': 'CHI', 'responder': 'CHI', 'utterance_length': 1.4039999999999964, 'error': True, 'age': [25]}, {'utterance': ' wha dis this', 'response': " well seeing as if you've been a very good boy", 'response_time': 0.36000000000001364, 'speaker': 'CHI', 'responder': 'MOT', 'utterance_length': 1.4160000000000537, 'error': True, 'age': [25]}, {'utterance': ' choc_choc all gone', 'response': ' chocolate all gone', 'response_time': -0.16300000000001091, 'speaker': 'CHI', 'responder': 'MOT', 'utterance_length': 1.9039999999999964, 'error': True, 'age': [25]}, {'utterance': ' where has choc_choc gone', 'response': " I think it's in the pot", 'response_time': 1.3360000000000127, 'speaker': 'CHI', 'responder': 'MOT', 'utterance_length': 2.0549999999998363, 'error': True, 'age': [25]}, {'utterance': ' choc_choc all done', 'response': ' no choc_choc all done', 'response_time': 1.3699999999998909, 'speaker': 'CHI', 'responder': 'CHI', 'utterance_length': 1.997000000000071, 'error': True, 'age': [25]}, {'utterance': ' no choc_choc all done', 'response': " it's not all done", 'response_time': 0.7660000000000764, 'speaker': 'CHI', 'responder': 'MOT', 'utterance_length': 2.4960000000000946, 'error': True, 'age': [25]}, {'utterance': ' wha dat that', 'response': " that's your spoon and Mummy's spoon", 'response_time': -0.10500000000001819, 'speaker': 'CHI', 'responder': 'MOT', 'utterance_length': 0.8360000000000127, 'error': True, 'age': [25]}, {'utterance': ' a Dadda has gone', 'response': ' Daddy gone upstairs to read his newspaper', 'response_time': -0.1510000000000673, 'speaker': 'CHI', 'responder': 'MOT', 'utterance_length': 2.1480000000001382, 'error': True, 'age': [25]}, {'utterance': ' spoon has gone', 'response': ' yes', 'response_time': 's1 or s2 media info not available', 'speaker': 'CHI', 'responder': 'MOT', 'utterance_length': 1.5789999999999509, 'error': True, 'age': [25]}, {'utterance': ' an Nin_Nin has got watch', 'response': ' and a watch', 'response_time': -0.07000000000016371, 'speaker': 'CHI', 'responder': 'MOT', 'utterance_length': 2.530999999999949, 'error': True, 'age': [25]}, {'utterance': " oh we've forgot to shut the fridge door", 'response': ' let Mummy just go and close the fridge door', 'response_time': 0.6499999999996362, 'speaker': 'MOT', 'responder': 'MOT', 'utterance_length': 2.693000000000211, 'error': True, 'age': [25]}, {'utterance': ' Dadda has gone', 'response': ' Dadda', 'response_time': 1.7409999999999854, 'speaker': 'CHI', 'responder': 'CHI', 'utterance_length': 1.77599999999984, 'error': True, 'age': [25]}, {'utterance': ' Dadda has gone', 'response': " Daddy's upstairs", 'response_time': -0.12799999999970169, 'speaker': 'CHI', 'responder': 'MOT', 'utterance_length': 1.8919999999998254, 'error': True, 'age': [25]}, {'utterance': ' Dadda mess', 'response': " by the time Dadda comes down we should have cleaned it up with a cloth shouldn't we", 'response_time': 0.36000000000012733, 'speaker': 'CHI', 'responder': 'MOT', 'utterance_length': 1.5789999999997235, 'error': True, 'age': [25]}, {'utterance': ' where are the choo_choos', 'response': ' where choo gone', 'response_time': -0.30900000000019645, 'speaker': 'CHI', 'responder': 'CHI', 'utterance_length': 2.450000000000273, 'error': True, 'age': [25]}, {'utterance': ' where choo gone', 'response': ' where are choo_choos', 'response_time': -0.06899999999995998, 'speaker': 'CHI', 'responder': 'CHI', 'utterance_length': 1.8339999999998327, 'error': True, 'age': [25]}, {'utterance': ' where are choo_choos', 'response': ' where the choo_choos gone', 'response_time': -0.22100000000000364, 'speaker': 'CHI', 'responder': 'MOT', 'utterance_length': 2.1130000000002838, 'error': True, 'age': [25]}, {'utterance': ' where yellow', 'response': ' white truck', 'response_time': 0.046000000000276486, 'speaker': 'CHI', 'responder': 'CHI', 'utterance_length': 1.9859999999998763, 'error': True, 'age': [25]}, {'utterance': ' white truck all gone', 'response': ' white truck all gone', 'response_time': 0.0, 'speaker': 'CHI', 'responder': 'CHI', 'utterance_length': 1.949999999999818, 'error': True, 'age': [25]}, {'utterance': ' white truck all gone', 'response': ' white truck all gone', 'response_time': 0.12799999999970169, 'speaker': 'CHI', 'responder': 'CHI', 'utterance_length': 2.055000000000291, 'error': True, 'age': [25]}, {'utterance': ' white truck all gone', 'response': ' yes', 'response_time': -0.07000000000016371, 'speaker': 'CHI', 'responder': 'MOT', 'utterance_length': 1.6950000000001637, 'error': True, 'age': [25]}, {'utterance': ' truck all gone', 'response': ' what else can you see out of the window Thomas', 'response_time': 3.0529999999998836, 'speaker': 'CHI', 'responder': 'MOT', 'utterance_length': 3.031000000000404, 'error': True, 'age': [25]}, {'utterance': ' blue truck gone', 'response': ' blue truck', 'response_time': 0.3020000000001346, 'speaker': 'CHI', 'responder': 'CHI', 'utterance_length': 1.961999999999989, 'error': True, 'age': [25]}, {'utterance': ' truck all gone', 'response': ' where do you think the white truck gone', 'response_time': -0.0929999999998472, 'speaker': 'CHI', 'responder': 'MOT', 'utterance_length': 1.961999999999989, 'error': True, 'age': [25]}, {'utterance': ' oh wha dis this', 'response': " that's your poorly knee", 'response_time': -0.2669999999998254, 'speaker': 'CHI', 'responder': 'MOT', 'utterance_length': 1.5329999999999018, 'error': True, 'age': [25]}, {'utterance': ' where has the white gone', 'response': ' where the white gone', 'response_time': 0.06899999999995998, 'speaker': 'CHI', 'responder': 'MOT', 'utterance_length': 1.9970000000002983, 'error': True, 'age': [25]}, {'utterance': ' where has white gone', 'response': ' where white gone', 'response_time': -0.08099999999967622, 'speaker': 'CHI', 'responder': 'MOT', 'utterance_length': 1.1720000000000255, 'error': True, 'age': [25]}, {'utterance': ' wha dis this', 'response': " that's baby lotion", 'response_time': 0.0, 'speaker': 'CHI', 'responder': 'MOT', 'utterance_length': 0.8009999999999309, 'error': True, 'age': [25]}, {'utterance': ' white gone', 'response': ' white', 'response_time': 1.1140000000000327, 'speaker': 'CHI', 'responder': 'MOT', 'utterance_length': 1.300000000000182, 'error': True, 'age': [25]}, {'utterance': ' wha dis this', 'response': ' a this', 'response_time': 0.2319999999999709, 'speaker': 'CHI', 'responder': 'MOT', 'utterance_length': 1.1150000000002365, 'error': True, 'age': [25]}, {'utterance': ' wha dis this', 'response': " it's a piece of paper", 'response_time': -0.08099999999922147, 'speaker': 'CHI', 'responder': 'MOT', 'utterance_length': 1.2309999999997672, 'error': True, 'age': [25]}, {'utterance': ' wha dis this', 'response': ' you say excuse me', 'response_time': -0.023000000000024556, 'speaker': 'CHI', 'responder': 'MOT', 'utterance_length': 0.77800000000002, 'error': True, 'age': [25]}, {'utterance': " a there's hat", 'response': ' a hat', 'response_time': 0.40599999999994907, 'speaker': 'CHI', 'responder': 'CHI', 'utterance_length': 1.62600000000009, 'error': True, 'age': [25]}, {'utterance': " oh what's these", 'response': " that's you", 'response_time': 0.8250000000000455, 'speaker': 'CHI', 'responder': 'MOT', 'utterance_length': 1.6829999999999927, 'error': True, 'age': [25]}, {'utterance': ' wha dis this', 'response': " there's the box", 'response_time': -0.1069999999999709, 'speaker': 'CHI', 'responder': 'MOT', 'utterance_length': 1.4400000000000546, 'error': True, 'age': [25]}, {'utterance': ' wha dis this', 'response': " that's a book", 'response_time': 0.41800000000012005, 'speaker': 'CHI', 'responder': 'MOT', 'utterance_length': 1.3350000000000364, 'error': True, 'age': [25]}, {'utterance': ' wha dis this', 'response': " that's some children dressing up", 'response_time': -0.12700000000040745, 'speaker': 'CHI', 'responder': 'MOT', 'utterance_length': 1.2420000000001892, 'error': True, 'age': [25]}, {'utterance': ' wha dis this', 'response': " that's the little boy helping his Mummy", 'response_time': 0.8010000000003856, 'speaker': 'CHI', 'responder': 'MOT', 'utterance_length': 1.4510000000000218, 'error': True, 'age': [25]}, {'utterance': ' wha dis this', 'response': ' do you remember making those chocolate crispie cakes a few weeks ago', 'response_time': -0.17399999999997817, 'speaker': 'CHI', 'responder': 'MOT', 'utterance_length': 1.0450000000000728, 'error': True, 'age': [25]}, {'utterance': ' wha dis this', 'response': ' a this', 'response_time': -0.16200000000026193, 'speaker': 'CHI', 'responder': 'CHI', 'utterance_length': 1.7409999999999854, 'error': True, 'age': [25]}, {'utterance': ' wha dis this', 'response': " that's a little girl playing with her Mummy", 'response_time': -0.2319999999999709, 'speaker': 'CHI', 'responder': 'MOT', 'utterance_length': 1.4859999999998763, 'error': True, 'age': [25]}, {'utterance': ' wha dis this', 'response': ' wha dis this', 'response_time': 1.8690000000001419, 'speaker': 'CHI', 'responder': 'CHI', 'utterance_length': 1.4859999999998763, 'error': True, 'age': [25]}, {'utterance': ' wha dis this', 'response': " that's a red bean", 'response_time': 1.2080000000000837, 'speaker': 'CHI', 'responder': 'MOT', 'utterance_length': 1.4980000000000473, 'error': True, 'age': [25]}, {'utterance': ' wha dis this', 'response': ' this is just something Mummy is turning off', 'response_time': 0.45299999999997453, 'speaker': 'CHI', 'responder': 'MOT', 'utterance_length': 1.2770000000000437, 'error': True, 'age': [25]}, {'utterance': ' wha dis this', 'response': ' this', 'response_time': 1.5789999999999997, 'speaker': 'CHI', 'responder': 'CHI', 'utterance_length': 1.95, 'error': True, 'age': [25]}, {'utterance': ' wha dis this', 'response': ' Nin_Nin', 'response_time': 0.511000000000001, 'speaker': 'CHI', 'responder': 'CHI', 'utterance_length': 1.5670000000000002, 'error': True, 'age': [25]}, {'utterance': ' wha dis this', 'response': ' wow', 'response_time': -0.2330000000000041, 'speaker': 'CHI', 'responder': 'CHI', 'utterance_length': 1.0919999999999987, 'error': True, 'age': [25]}, {'utterance': ' wha dis this', 'response': ' are you hiding under the table', 'response_time': -0.15099999999999625, 'speaker': 'CHI', 'responder': 'MOT', 'utterance_length': 1.3699999999999974, 'error': True, 'age': [25]}, {'utterance': ' wha dis this', 'response': ' can you hear some banging', 'response_time': -0.2440000000000282, 'speaker': 'CHI', 'responder': 'MOT', 'utterance_length': 1.1720000000000255, 'error': True, 'age': [25]}, {'utterance': ' wha dis this', 'response': " that's a green top", 'response_time': -0.03499999999996817, 'speaker': 'CHI', 'responder': 'MOT', 'utterance_length': 1.41599999999994, 'error': True, 'age': [25]}, {'utterance': ' wha dis this', 'response': " we'll see you coming in the dark", 'response_time': -0.17399999999997817, 'speaker': 'CHI', 'responder': 'MOT', 'utterance_length': 1.05600000000004, 'error': True, 'age': [25]}, {'utterance': ' ooh wha dis this', 'response': " that's the cushion", 'response_time': -0.16300000000001091, 'speaker': 'CHI', 'responder': 'MOT', 'utterance_length': 1.649000000000001, 'error': True, 'age': [25]}, {'utterance': ' wha dis this', 'response': " it's you being silly again", 'response_time': -0.19699999999988904, 'speaker': 'CHI', 'responder': 'MOT', 'utterance_length': 1.41599999999994, 'error': True, 'age': [25]}, {'utterance': ' wha dis this', 'response': " that's Mummy's nose", 'response_time': -0.12799999999992906, 'speaker': 'CHI', 'responder': 'MOT', 'utterance_length': 1.1849999999999454, 'error': True, 'age': [25]}, {'utterance': ' wha dis this', 'response': ' leave it alone', 'response_time': -0.2319999999999709, 'speaker': 'CHI', 'responder': 'MOT', 'utterance_length': 1.05600000000004, 'error': True, 'age': [25]}, {'utterance': ' wha dis this', 'response': ' a this', 'response_time': 0.7429999999999382, 'speaker': 'CHI', 'responder': 'CHI', 'utterance_length': 1.3809999999998581, 'error': True, 'age': [25]}, {'utterance': ' wha dis this', 'response': " is this Mummy's duster", 'response_time': 0.2559999999998581, 'speaker': 'CHI', 'responder': 'MOT', 'utterance_length': 1.3809999999998581, 'error': True, 'age': [25]}, {'utterance': ' wha dis this', 'response': ' no', 'response_time': -0.11599999999998545, 'speaker': 'CHI', 'responder': 'CHI', 'utterance_length': 1.0909999999998945, 'error': True, 'age': [25]}, {'utterance': ' wha dis this', 'response': ' oh dear', 'response_time': 0.5679999999997563, 'speaker': 'CHI', 'responder': 'CHI', 'utterance_length': 1.2539999999999054, 'error': True, 'age': [25]}, {'utterance': ' wha dis this', 'response': ' Nin_Nin', 'response_time': 10.07699999999977, 'speaker': 'CHI', 'responder': 'CHI', 'utterance_length': 1.6950000000001637, 'error': True, 'age': [25]}, {'utterance': ' wha dis this', 'response': " that's a candle", 'response_time': 0.03499999999985448, 'speaker': 'CHI', 'responder': 'MOT', 'utterance_length': 1.6480000000001382, 'error': True, 'age': [25]}, {'utterance': ' wha dis this', 'response': ' very careful', 'response_time': -0.2090000000002874, 'speaker': 'CHI', 'responder': 'MOT', 'utterance_length': 1.1840000000001965, 'error': True, 'age': [25]}, {'utterance': ' wha dis this', 'response': ' blue bus', 'response_time': 0.0, 'speaker': 'CHI', 'responder': 'CHI', 'utterance_length': 1.1059999999997672, 'error': True, 'age': [25]}, {'utterance': ' where is', 'response': " where's the feather duster", 'response_time': 0.1730000000002292, 'speaker': 'CHI', 'responder': 'MOT', 'utterance_length': 1.8139999999998508, 'error': True, 'age': [25]}, {'utterance': ' wha dis this', 'response': ' a this', 'response_time': 0.03999999999996362, 'speaker': 'CHI', 'responder': 'CHI', 'utterance_length': 1.6269999999999527, 'error': True, 'age': [25]}, {'utterance': ' where has choo gone', 'response': ' where has choo gone', 'response_time': 0.29300000000012005, 'speaker': 'CHI', 'responder': 'CHI', 'utterance_length': 1.7199999999998, 'error': True, 'age': [25]}, {'utterance': ' where has choo gone', 'response': " I don't know", 'response_time': -0.07999999999992724, 'speaker': 'CHI', 'responder': 'MOT', 'utterance_length': 1.5599999999999454, 'error': True, 'age': [25]}, {'utterance': ' wha dis this', 'response': ' a this', 'response_time': -0.14699999999993452, 'speaker': 'CHI', 'responder': 'CHI', 'utterance_length': 1.199999999999818, 'error': True, 'age': [25]}, {'utterance': ' wha dis this', 'response': ' a juice', 'response_time': 1.1849999999999454, 'speaker': 'MOT', 'responder': 'CHI', 'utterance_length': 1.4039999999999964, 'error': True, 'age': [25]}, {'utterance': ' wha dis this', 'response': " that's the front door", 'response_time': -0.2259999999999991, 'speaker': 'CHI', 'responder': 'MOT', 'utterance_length': 1.4529999999999745, 'error': True, 'age': [32]}, {'utterance': ' where has a Bow gone', 'response': ' Purdie', 'response_time': 0.13400000000001455, 'speaker': 'CHI', 'responder': 'MOT', 'utterance_length': 1.7329999999999472, 'error': True, 'age': [32]}, {'utterance': ' choo_choos crisps in truck', 'response': ' are you telling me there are some crisps in the truck', 'response_time': 1.3359999999997854, 'speaker': 'CHI', 'responder': 'MOT', 'utterance_length': 6.072000000000116, 'error': True, 'age': [32]}, {'utterance': ' wha dis this', 'response': " that's another crisp", 'response_time': 0.2319999999999709, 'speaker': 'CHI', 'responder': 'MOT', 'utterance_length': 1.219000000000051, 'error': True, 'age': [32]}, {'utterance': ' wha dis this', 'response': " it's sticky", 'response_time': 0.3400000000001455, 'speaker': 'CHI', 'responder': 'MOT', 'utterance_length': 1.05600000000004, 'error': True, 'age': [32]}, {'utterance': ' wha dis this', 'response': " that's an orange", 'response_time': -0.3020000000001346, 'speaker': 'CHI', 'responder': 'MOT', 'utterance_length': 1.5790000000001783, 'error': True, 'age': [32]}, {'utterance': ' two mess', 'response': ' yes', 'response_time': -0.2319999999999709, 'speaker': 'CHI', 'responder': 'MOT', 'utterance_length': 1.125999999999749, 'error': True, 'age': [32]}, {'utterance': ' wha dis this', 'response': " that's the tablecloth", 'response_time': -0.16300000000001091, 'speaker': 'CHI', 'responder': 'MOT', 'utterance_length': 1.3350000000000364, 'error': True, 'age': [32]}, {'utterance': ' wha dis this', 'response': ' this is a very thick piece of felt pad with a wipe clean top', 'response_time': -0.2090000000002874, 'speaker': 'CHI', 'responder': 'MOT', 'utterance_length': 0.9170000000003711, 'error': True, 'age': [32]}, {'utterance': ' Sue gone', 'response': ' Sue gone', 'response_time': -0.18600000000014916, 'speaker': 'CHI', 'responder': 'CHI', 'utterance_length': 2.0210000000001855, 'error': True, 'age': [32]}, {'utterance': ' Sue gone', 'response': ' yes', 'response_time': -0.11599999999998545, 'speaker': 'CHI', 'responder': 'MOT', 'utterance_length': 0.9400000000000546, 'error': True, 'age': [32]}, {'utterance': ' wha dis this', 'response': ' what have you done', 'response_time': -0.10500000000001819, 'speaker': 'CHI', 'responder': 'MOT', 'utterance_length': 0.8359999999997854, 'error': True, 'age': [32]}, {'utterance': ' wha dis this', 'response': ' wow', 'response_time': -0.11599999999998545, 'speaker': 'CHI', 'responder': 'CHI', 'utterance_length': 1.5670000000000073, 'error': True, 'age': [32]}, {'utterance': ' juice a dat that', 'response': ' would you like some juice', 'response_time': -0.22100000000000009, 'speaker': 'CHI', 'responder': 'MOT', 'utterance_length': 1.8930000000000007, 'error': True, 'age': [25]}, {'utterance': ' where has a box gone', 'response': ' where the what gone', 'response_time': 2.449999999999932, 'speaker': 'CHI', 'responder': 'MOT', 'utterance_length': 1.8920000000000528, 'error': True, 'age': [25]}, {'utterance': ' wha da that', 'response': ' wha da that', 'response_time': 0.18600000000003547, 'speaker': 'CHI', 'responder': 'CHI', 'utterance_length': 1.4510000000000218, 'error': True, 'age': [25]}, {'utterance': ' wha da that', 'response': ' Nin_Nin', 'response_time': -0.19700000000000273, 'speaker': 'CHI', 'responder': 'CHI', 'utterance_length': 1.4510000000000218, 'error': True, 'age': [25]}, {'utterance': " a d'are there", 'response': ' moo', 'response_time': -0.0929999999998472, 'speaker': 'CHI', 'responder': 'CHI', 'utterance_length': 1.752999999999929, 'error': True, 'age': [25]}, {'utterance': " a d'are there", 'response': '', 'response_time': 4.574000000000069, 'speaker': 'CHI', 'responder': 'MOT', 'utterance_length': 1.2769999999998163, 'error': True, 'age': [25]}, {'utterance': ' wha are dese these', 'response': ' your trousers', 'response_time': -0.22600000000011278, 'speaker': 'CHI', 'responder': 'MOT', 'utterance_length': 1.7460000000000946, 'error': True, 'age': [25]}, {'utterance': ' wha dis this', 'response': ' the rabbits', 'response_time': 0.2139999999999418, 'speaker': 'CHI', 'responder': 'MOT', 'utterance_length': 1.8400000000001455, 'error': True, 'age': [25]}, {'utterance': ' two mess', 'response': ' two messes', 'response_time': -0.15999999999985448, 'speaker': 'CHI', 'responder': 'MOT', 'utterance_length': 1.5859999999997854, 'error': True, 'age': [25]}, {'utterance': ' wha dis this', 'response': " it's a book about P_B_Bear getting dressed", 'response_time': 1.2400000000002365, 'speaker': 'CHI', 'responder': 'MOT', 'utterance_length': 1.4929999999999382, 'error': True, 'age': [25]}, {'utterance': ' wha dis this', 'response': ' yes', 'response_time': -0.17399999999997817, 'speaker': 'CHI', 'responder': 'MOT', 'utterance_length': 1.4400000000000546, 'error': True, 'age': [25]}, {'utterance': ' wha dis this', 'response': " and that's his hat and coat and scarf", 'response_time': 1.0400000000004184, 'speaker': 'CHI', 'responder': 'MOT', 'utterance_length': 1.6269999999999527, 'error': True, 'age': [25]}, {'utterance': ' where has the baba orange gone', 'response': " where's the b", 'response_time': -0.0660000000000025, 'speaker': 'CHI', 'responder': 'MOT', 'utterance_length': 2.031000000000006, 'error': True, 'age': [25]}, {'utterance': ' where has truck gone', 'response': ' where the truck gone', 'response_time': 0.10199999999997544, 'speaker': 'CHI', 'responder': 'MOT', 'utterance_length': 1.4739999999999895, 'error': True, 'age': [25]}, {'utterance': ' where has truck gone', 'response': '', 'response_time': 0.5919999999999845, 'speaker': 'CHI', 'responder': 'CHI', 'utterance_length': 1.045000000000016, 'error': True, 'age': [25]}, {'utterance': ' Nin_Nin chair', 'response': ' Nin_Nin chair', 'response_time': 0.67999999999995, 'speaker': 'CHI', 'responder': 'CHI', 'utterance_length': 1.4540000000000646, 'error': True, 'age': [25]}, {'utterance': ' Nin_Nin chair', 'response': '', 'response_time': -0.6280000000000427, 'speaker': 'CHI', 'responder': 'CHI', 'utterance_length': 2.5330000000000155, 'error': True, 'age': [25]}, {'utterance': " now we've find the driver there's a bit of uh order on the railway isn't there", 'response': " because before the train was just going along on its own wasn't it", 'response_time': 1.7729999999999109, 'speaker': 'MOT', 'responder': 'MOT', 'utterance_length': 4.749000000000024, 'error': True, 'age': [25]}, {'utterance': ' no you have talk to the driver and tell him you want you want careful', 'response': ' hello', 'response_time': -1.625, 'speaker': 'MOT', 'responder': 'CHI', 'utterance_length': 4.097999999999956, 'error': True, 'age': [25]}, {'utterance': ' Nin_Nin chair', 'response': ' Nin_Nin chair', 'response_time': 2.509999999999998, 'speaker': 'CHI', 'responder': 'CHI', 'utterance_length': 1.846, 'error': True, 'age': [25]}, {'utterance': ' Nin_Nin chair', 'response': ' do you want me to sit on a chair', 'response_time': 0.0, 'speaker': 'CHI', 'responder': 'MOT', 'utterance_length': 1.4750000000000014, 'error': True, 'age': [25]}, {'utterance': ' wha dis this', 'response': ' a this', 'response_time': 0.4650000000000034, 'speaker': 'CHI', 'responder': 'CHI', 'utterance_length': 1.2419999999999973, 'error': True, 'age': [25]}, {'utterance': ' wha dis this', 'response': " it's your juice", 'response_time': 0.012000000000000455, 'speaker': 'CHI', 'responder': 'MOT', 'utterance_length': 0.8819999999999766, 'error': True, 'age': [25]}, {'utterance': ' where has Dadda gone', 'response': ' Daddy gone to work', 'response_time': -0.16299999999995407, 'speaker': 'MOT', 'responder': 'MOT', 'utterance_length': 1.613999999999976, 'error': True, 'age': [25]}, {'utterance': ' Dadda work', 'response': " he went in very early this morning didn't he", 'response_time': 0.7590000000000146, 'speaker': 'CHI', 'responder': 'MOT', 'utterance_length': 1.5439999999999827, 'error': True, 'age': [25]}, {'utterance': ' Nin_Nin work', 'response': ' Nin_Nin work', 'response_time': 0.9060000000000628, 'speaker': 'CHI', 'responder': 'CHI', 'utterance_length': 1.3929999999999154, 'error': True, 'age': [25]}, {'utterance': ' Nin_Nin work', 'response': ' Dadda Dadda work', 'response_time': 0.4010000000000673, 'speaker': 'CHI', 'responder': 'CHI', 'utterance_length': 1.41599999999994, 'error': True, 'age': [25]}, {'utterance': ' Dadda Dadda work', 'response': ' yes', 'response_time': -0.09299999999996089, 'speaker': 'CHI', 'responder': 'MOT', 'utterance_length': 2.0439999999999827, 'error': True, 'age': [25]}, {'utterance': ' a tea gone', 'response': " where's what darling", 'response_time': 0.6019999999999754, 'speaker': 'CHI', 'responder': 'MOT', 'utterance_length': 1.8110000000000355, 'error': True, 'age': [25]}, {'utterance': ' a tea gone', 'response': ' a tea gone', 'response_time': 0.6599999999999682, 'speaker': 'CHI', 'responder': 'CHI', 'utterance_length': 1.2649999999999864, 'error': True, 'age': [25]}, {'utterance': ' a tea gone', 'response': ' where the tea gone', 'response_time': 0.11300000000005639, 'speaker': 'CHI', 'responder': 'MOT', 'utterance_length': 1.009999999999991, 'error': True, 'age': [25]}, {'utterance': ' Nin_Nin tea', 'response': ' Nin_Nin tea', 'response_time': 0.3250000000000455, 'speaker': 'CHI', 'responder': 'CHI', 'utterance_length': 1.1730000000000018, 'error': True, 'age': [25]}, {'utterance': ' Nin_Nin tea', 'response': ' Nin_Nin tea', 'response_time': 1.5249999999999773, 'speaker': 'CHI', 'responder': 'CHI', 'utterance_length': 1.2999999999999545, 'error': True, 'age': [25]}, {'utterance': ' Nin_Nin tea', 'response': ' yes', 'response_time': -0.011000000000080945, 'speaker': 'MOT', 'responder': 'MOT', 'utterance_length': 1.0680000000000973, 'error': True, 'age': [25]}, {'utterance': ' wha dis this', 'response': " it's part of the train", 'response_time': 0.6030000000000655, 'speaker': 'CHI', 'responder': 'MOT', 'utterance_length': 0.6970000000001164, 'error': True, 'age': [25]}, {'utterance': ' wha dis this', 'response': ' these are your cornflakes', 'response_time': 0.1610000000000582, 'speaker': 'CHI', 'responder': 'MOT', 'utterance_length': 0.7890000000002146, 'error': True, 'age': [25]}, {'utterance': ' Dadda work', 'response': ' Daddy gone to work', 'response_time': -0.03499999999985448, 'speaker': 'CHI', 'responder': 'MOT', 'utterance_length': 1.068000000000211, 'error': True, 'age': [25]}, {'utterance': ' wha dis this', 'response': ' a choo', 'response_time': 0.20899999999983265, 'speaker': 'CHI', 'responder': 'CHI', 'utterance_length': 0.9520000000002256, 'error': True, 'age': [25]}, {'utterance': ' wha dis this', 'response': ' I remember walking there myself', 'response_time': 0.028999999999996362, 'speaker': 'CHI', 'responder': 'MOT', 'utterance_length': 0.8359999999999985, 'error': True, 'age': [25]}, {'utterance': ' wha dis this', 'response': ' oh has it come away now', 'response_time': 0.025000000000005684, 'speaker': 'CHI', 'responder': 'MOT', 'utterance_length': 0.6970000000000027, 'error': True, 'age': [25]}, {'utterance': ' wha dis this', 'response': ' mm', 'response_time': 0.29000000000002046, 'speaker': 'CHI', 'responder': 'CHI', 'utterance_length': 0.6619999999999777, 'error': True, 'age': [25]}, {'utterance': ' there we are', 'response': ' oh dear Nin_Nin', 'response_time': 15.305000000000007, 'speaker': 'CHI', 'responder': 'CHI', 'utterance_length': 0.8709999999999809, 'error': True, 'age': [25]}, {'utterance': ' wha dis this', 'response': ' wha dis this', 'response_time': 0.6850000000000591, 'speaker': 'CHI', 'responder': 'CHI', 'utterance_length': 0.6040000000000418, 'error': True, 'age': [25]}, {'utterance': ' wha dis this', 'response': " that's another car", 'response_time': 0.6419999999999391, 'speaker': 'CHI', 'responder': 'MOT', 'utterance_length': 0.7319999999999709, 'error': True, 'age': [25]}, {'utterance': ' Po football', 'response': ' a red football', 'response_time': -0.047000000000025466, 'speaker': 'CHI', 'responder': 'MOT', 'utterance_length': 1.13799999999992, 'error': True, 'age': [25]}, {'utterance': ' wha dis this', 'response': ' it was quite pleasant when we were out', 'response_time': -0.038000000000010914, 'speaker': 'CHI', 'responder': 'MOT', 'utterance_length': 0.9630000000001928, 'error': True, 'age': [25]}, {'utterance': ' wha dis this', 'response': " that's an orange straw", 'response_time': -0.07699999999977081, 'speaker': 'CHI', 'responder': 'MOT', 'utterance_length': 1.08199999999988, 'error': True, 'age': [25]}, {'utterance': ' wha dis this', 'response': ' straw in juice', 'response_time': 0.24699999999984357, 'speaker': 'CHI', 'responder': 'CHI', 'utterance_length': 1.3919999999998254, 'error': True, 'age': [25]}, {'utterance': ' there box', 'response': ' a box', 'response_time': 0.05799999999999983, 'speaker': 'CHI', 'responder': 'CHI', 'utterance_length': 2.205999999999996, 'error': True, 'age': [26]}, {'utterance': ' wha dis this', 'response': ' one little mouse for sleeping', 'response_time': 0.12699999999999534, 'speaker': 'CHI', 'responder': 'MOT', 'utterance_length': 1.0450000000000017, 'error': True, 'age': [26]}, {'utterance': ' where has truck gone', 'response': ' where the truck gone', 'response_time': 1.0559999999999832, 'speaker': 'CHI', 'responder': 'MOT', 'utterance_length': 1.8929999999999723, 'error': True, 'age': [26]}, {'utterance': ' wha dis this', 'response': " and that's the man on a bicycle", 'response_time': 0.10499999999996135, 'speaker': 'CHI', 'responder': 'MOT', 'utterance_length': 0.9290000000000305, 'error': True, 'age': [26]}, {'utterance': ' wha dis this', 'response': ' a this', 'response_time': 0.3050000000000068, 'speaker': 'CHI', 'responder': 'CHI', 'utterance_length': 1.858000000000004, 'error': True, 'age': [26]}, {'utterance': ' wha dis this', 'response': ' a this', 'response_time': 0.9639999999999986, 'speaker': 'CHI', 'responder': 'CHI', 'utterance_length': 1.2999999999999545, 'error': True, 'age': [26]}, {'utterance': ' wha dis this', 'response': ' a this', 'response_time': 0.39400000000000546, 'speaker': 'CHI', 'responder': 'CHI', 'utterance_length': 0.8250000000000455, 'error': True, 'age': [26]}, {'utterance': ' wha dis this', 'response': " that was Mummy's tummy rumbling wasn't it", 'response_time': 0.7319999999999709, 'speaker': 'CHI', 'responder': 'MOT', 'utterance_length': 0.7540000000001328, 'error': True, 'age': [26]}, {'utterance': ' wha dis this', 'response': ' choc_choc', 'response_time': 0.7889999999999873, 'speaker': 'CHI', 'responder': 'CHI', 'utterance_length': 1.5329999999999018, 'error': True, 'age': [26]}, {'utterance': ' here you are', 'response': ' can you see the blue truck', 'response_time': -0.6849999999999454, 'speaker': 'CHI', 'responder': 'MOT', 'utterance_length': 1.6259999999999764, 'error': True, 'age': [26]}, {'utterance': ' wha dis this', 'response': " that's suntan cream", 'response_time': 0.06899999999995998, 'speaker': 'CHI', 'responder': 'MOT', 'utterance_length': 0.6970000000001164, 'error': True, 'age': [26]}, {'utterance': ' wha dis this', 'response': " it's suntan cream", 'response_time': 0.027000000000043656, 'speaker': 'CHI', 'responder': 'MOT', 'utterance_length': 0.8589999999999236, 'error': True, 'age': [26]}, {'utterance': ' wha dis this', 'response': " oh don't please don't bend the arms", 'response_time': 0.035000000000081855, 'speaker': 'CHI', 'responder': 'MOT', 'utterance_length': 1.0789999999999509, 'error': True, 'age': [26]}, {'utterance': ' oh wha dis this', 'response': " they're your sunglasses", 'response_time': 0.03500000000030923, 'speaker': 'CHI', 'responder': 'MOT', 'utterance_length': 1.28899999999976, 'error': True, 'age': [26]}, {'utterance': ' wha dis this', 'response': " that's the suntan cream isn't it", 'response_time': 0.04599999999982174, 'speaker': 'CHI', 'responder': 'MOT', 'utterance_length': 1.0100000000002183, 'error': True, 'age': [26]}, {'utterance': ' wha dis this', 'response': ' there we are', 'response_time': 0.0749999999998181, 'speaker': 'CHI', 'responder': 'MOT', 'utterance_length': 0.8240000000000691, 'error': True, 'age': [26]}, {'utterance': ' wha dis this', 'response': ' a this', 'response_time': 1.9729999999999563, 'speaker': 'CHI', 'responder': 'CHI', 'utterance_length': 1.1150000000002365, 'error': True, 'age': [26]}, {'utterance': ' wha dis this', 'response': " that's Aunty_Linda and Uncle_Thomas", 'response_time': -0.09799999999995634, 'speaker': 'CHI', 'responder': 'MOT', 'utterance_length': 1.4630000000001928, 'error': True, 'age': [26]}, {'utterance': ' wha dis this', 'response': " what's this", 'response_time': 0.057999999999992724, 'speaker': 'CHI', 'responder': 'MOT', 'utterance_length': 0.8590000000003783, 'error': True, 'age': [26]}, {'utterance': ' wha dis this', 'response': " it's a plum", 'response_time': 0.1269999999999527, 'speaker': 'CHI', 'responder': 'MOT', 'utterance_length': 1.393999999999778, 'error': True, 'age': [26]}, {'utterance': ' wha dis this', 'response': " that's another green apple", 'response_time': 0.012000000000170985, 'speaker': 'CHI', 'responder': 'MOT', 'utterance_length': 0.9169999999999163, 'error': True, 'age': [26]}, {'utterance': ' wha dis this', 'response': ' wha dis this', 'response_time': 0.057999999999992724, 'speaker': 'CHI', 'responder': 'CHI', 'utterance_length': 1.28899999999976, 'error': True, 'age': [26]}, {'utterance': ' wha dis this', 'response': ' Nin_Nin chair', 'response_time': 1.20699999999988, 'speaker': 'CHI', 'responder': 'CHI', 'utterance_length': 0.7550000000001091, 'error': True, 'age': [26]}, {'utterance': ' wha dis this', 'response': ' what are you doing Thomas', 'response_time': 1.6600000000003092, 'speaker': 'CHI', 'responder': 'MOT', 'utterance_length': 1.8460000000000036, 'error': True, 'age': [26]}, {'utterance': ' where has the Bow gone', 'response': " Mummy's going to put some toast in the toaster", 'response_time': 7.766999999999996, 'speaker': 'CHI', 'responder': 'MOT', 'utterance_length': 1.6370000000000005, 'error': True, 'age': [26]}, {'utterance': ' where has the Bow gone', 'response': ' she gone outside now', 'response_time': -0.051000000000044565, 'speaker': 'CHI', 'responder': 'MOT', 'utterance_length': 1.0960000000000036, 'error': True, 'age': [26]}, {'utterance': ' Nin_Nin watch', 'response': " yes I'm wearing a watch", 'response_time': -0.13999999999987267, 'speaker': 'MOT', 'responder': 'MOT', 'utterance_length': 1.0219999999999345, 'error': True, 'age': [26]}, {'utterance': " wasis what's this", 'response': ' what this', 'response_time': 0.23800000000028376, 'speaker': 'CHI', 'responder': 'CHI', 'utterance_length': 1.4510000000000218, 'error': True, 'age': [26]}, {'utterance': ' what this', 'response': " it's an elephant", 'response_time': -0.07000000000016371, 'speaker': 'CHI', 'responder': 'MOT', 'utterance_length': 1.1149999999997817, 'error': True, 'age': [26]}, {'utterance': ' wha dis this', 'response': ' those are building bricks', 'response_time': 0.65300000000002, 'speaker': 'CHI', 'responder': 'MOT', 'utterance_length': 0.9199999999999591, 'error': True, 'age': [26]}, {'utterance': ' where has Bow gone', 'response': ' Bow gone', 'response_time': 0.8800000000001091, 'speaker': 'CHI', 'responder': 'MOT', 'utterance_length': 1.70699999999988, 'error': True, 'age': [26]}, {'utterance': ' Nin_Nin shoes', 'response': " we'll put feet back in the shoes", 'response_time': -0.027000000000043656, 'speaker': 'MOT', 'responder': 'MOT', 'utterance_length': 0.9470000000001164, 'error': True, 'age': [26]}, {'utterance': ' a babies chair', 'response': " baby's chair", 'response_time': -0.1069999999999709, 'speaker': 'CHI', 'responder': 'MOT', 'utterance_length': 2.0270000000000437, 'error': True, 'age': [26]}]